Archive member included because of file (symbol)

.\CortexM3\ARM_GCC_441\Debug\CharLCDmp_Demo.a(LCD_BarGraph.o)
                              .\CortexM3\ARM_GCC_441\Debug\main.o (LCD_DrawHorizontalBG)
.\CortexM3\ARM_GCC_441\Debug\CharLCDmp_Demo.a(LCD.o)
                              .\CortexM3\ARM_GCC_441\Debug\CharLCDmp_Demo.a(LCD_BarGraph.o) (LCD_WriteControl)
.\CortexM3\ARM_GCC_441\Debug\CharLCDmp_Demo.a(CyLib.o)
                              .\CortexM3\ARM_GCC_441\Debug\Cm3Start.o (CyResetStatus)
.\CortexM3\ARM_GCC_441\Debug\CharLCDmp_Demo.a(cyPm.o)
                              .\CortexM3\ARM_GCC_441\Debug\CharLCDmp_Demo.a(CyLib.o) (CyPmReadStatus)
.\CortexM3\ARM_GCC_441\Debug\CharLCDmp_Demo.a(cyfitter_cfg.o)
                              .\CortexM3\ARM_GCC_441\Debug\Cm3Start.o (cyfitter_cfg)
.\CortexM3\ARM_GCC_441\Debug\CharLCDmp_Demo.a(CyBootAsmGnu.o)
                              .\CortexM3\ARM_GCC_441\Debug\CharLCDmp_Demo.a(CyLib.o) (CyDelayCycles)
.\CortexM3\ARM_GCC_441\Debug\CharLCDmp_Demo.a(CyFlash.o)
                              .\CortexM3\ARM_GCC_441\Debug\CharLCDmp_Demo.a(cyPm.o) (CyFlash_SetWaitCycles)
.\CortexM3\ARM_GCC_441\Debug\CharLCDmp_Demo.a(CySpc.o)
                              .\CortexM3\ARM_GCC_441\Debug\CharLCDmp_Demo.a(CyFlash.o) (CySpcStart)
c:/program files (x86)/cypress/psoc creator/2.2/psoc creator/import/gnu_cs/arm/4.4.1/bin/../lib/gcc/arm-none-eabi/4.4.1/../../../../arm-none-eabi/lib/thumb2\libc.a(lib_a-memcpy.o)
                              .\CortexM3\ARM_GCC_441\Debug\CharLCDmp_Demo.a(cyfitter_cfg.o) (memcpy)
c:/program files (x86)/cypress/psoc creator/2.2/psoc creator/import/gnu_cs/arm/4.4.1/bin/../lib/gcc/arm-none-eabi/4.4.1/../../../../arm-none-eabi/lib/thumb2\libc.a(lib_a-memset.o)
                              .\CortexM3\ARM_GCC_441\Debug\CharLCDmp_Demo.a(cyfitter_cfg.o) (memset)
c:/program files (x86)/cypress/psoc creator/2.2/psoc creator/import/gnu_cs/arm/4.4.1/bin/../lib/gcc/arm-none-eabi/4.4.1/../../../../arm-none-eabi/lib/thumb2\libcs3.a(start_c.o)
                              (__cs3_start_c)
c:/program files (x86)/cypress/psoc creator/2.2/psoc creator/import/gnu_cs/arm/4.4.1/bin/../lib/gcc/arm-none-eabi/4.4.1/../../../../arm-none-eabi/lib/thumb2\libcs3micro.a(micro-vector.o)
                              (__cs3_interrupt_vector_micro)
c:/program files (x86)/cypress/psoc creator/2.2/psoc creator/import/gnu_cs/arm/4.4.1/bin/../lib/gcc/arm-none-eabi/4.4.1/../../../../arm-none-eabi/lib/thumb2\libcs3micro.a(micro_isr_interrupt.o)
                              (__cs3_isr_nmi)
c:/program files (x86)/cypress/psoc creator/2.2/psoc creator/import/gnu_cs/arm/4.4.1/bin/../lib/gcc/arm-none-eabi/4.4.1/../../../../arm-none-eabi/lib/thumb2\libc.a(lib_a-init.o)
                              c:/program files (x86)/cypress/psoc creator/2.2/psoc creator/import/gnu_cs/arm/4.4.1/bin/../lib/gcc/arm-none-eabi/4.4.1/../../../../arm-none-eabi/lib/thumb2\libcs3.a(start_c.o) (__libc_init_array)

Allocating common symbols
Common symbol       size              file

CyResetStatus       0x1               .\CortexM3\ARM_GCC_441\Debug\CharLCDmp_Demo.a(CyLib.o)
dieTemperature      0x2               .\CortexM3\ARM_GCC_441\Debug\CharLCDmp_Demo.a(CyFlash.o)

Discarded input sections

 .text          0x00000000        0x0 c:/program files (x86)/cypress/psoc creator/2.2/psoc creator/import/gnu_cs/arm/4.4.1/bin/../lib/gcc/arm-none-eabi/4.4.1/thumb2/crti.o
 .data          0x00000000        0x0 c:/program files (x86)/cypress/psoc creator/2.2/psoc creator/import/gnu_cs/arm/4.4.1/bin/../lib/gcc/arm-none-eabi/4.4.1/thumb2/crti.o
 .bss           0x00000000        0x0 c:/program files (x86)/cypress/psoc creator/2.2/psoc creator/import/gnu_cs/arm/4.4.1/bin/../lib/gcc/arm-none-eabi/4.4.1/thumb2/crti.o
 .data          0x00000000        0x4 c:/program files (x86)/cypress/psoc creator/2.2/psoc creator/import/gnu_cs/arm/4.4.1/bin/../lib/gcc/arm-none-eabi/4.4.1/thumb2/crtbegin.o
 .text          0x00000000        0x0 .\CortexM3\ARM_GCC_441\Debug\main.o
 .data          0x00000000        0x0 .\CortexM3\ARM_GCC_441\Debug\main.o
 .bss           0x00000000        0x0 .\CortexM3\ARM_GCC_441\Debug\main.o
 .text          0x00000000        0x0 .\CortexM3\ARM_GCC_441\Debug\Cm3Start.o
 .data          0x00000000        0x0 .\CortexM3\ARM_GCC_441\Debug\Cm3Start.o
 .bss           0x00000000        0x0 .\CortexM3\ARM_GCC_441\Debug\Cm3Start.o
 .text.IntDefaultHandler
                0x00000000        0x8 .\CortexM3\ARM_GCC_441\Debug\Cm3Start.o
 .text          0x00000000        0x0 .\CortexM3\ARM_GCC_441\Debug\CharLCDmp_Demo.a(LCD_BarGraph.o)
 .data          0x00000000        0x0 .\CortexM3\ARM_GCC_441\Debug\CharLCDmp_Demo.a(LCD_BarGraph.o)
 .bss           0x00000000        0x0 .\CortexM3\ARM_GCC_441\Debug\CharLCDmp_Demo.a(LCD_BarGraph.o)
 .text          0x00000000        0x0 .\CortexM3\ARM_GCC_441\Debug\CharLCDmp_Demo.a(LCD.o)
 .data          0x00000000        0x0 .\CortexM3\ARM_GCC_441\Debug\CharLCDmp_Demo.a(LCD.o)
 .text.LCD_Stop
                0x00000000       0x1c .\CortexM3\ARM_GCC_441\Debug\CharLCDmp_Demo.a(LCD.o)
 .text.LCD_PrintInt16
                0x00000000       0x2c .\CortexM3\ARM_GCC_441\Debug\CharLCDmp_Demo.a(LCD.o)
 .text.LCD_PrintNumber
                0x00000000      0x110 .\CortexM3\ARM_GCC_441\Debug\CharLCDmp_Demo.a(LCD.o)
 .text          0x00000000        0x0 .\CortexM3\ARM_GCC_441\Debug\CharLCDmp_Demo.a(CyLib.o)
 .bss           0x00000000        0x0 .\CortexM3\ARM_GCC_441\Debug\CharLCDmp_Demo.a(CyLib.o)
 .text.CyPLL_OUT_Start
                0x00000000       0xdc .\CortexM3\ARM_GCC_441\Debug\CharLCDmp_Demo.a(CyLib.o)
 .text.CyPLL_OUT_Stop
                0x00000000       0x24 .\CortexM3\ARM_GCC_441\Debug\CharLCDmp_Demo.a(CyLib.o)
 .text.CyPLL_OUT_SetPQ
                0x00000000       0xac .\CortexM3\ARM_GCC_441\Debug\CharLCDmp_Demo.a(CyLib.o)
 .text.CyPLL_OUT_SetSource
                0x00000000       0x64 .\CortexM3\ARM_GCC_441\Debug\CharLCDmp_Demo.a(CyLib.o)
 .text.CyIMO_Start
                0x00000000       0xd0 .\CortexM3\ARM_GCC_441\Debug\CharLCDmp_Demo.a(CyLib.o)
 .text.CyIMO_Stop
                0x00000000       0x24 .\CortexM3\ARM_GCC_441\Debug\CharLCDmp_Demo.a(CyLib.o)
 .text.CyUSB_PowerOnCheck
                0x00000000       0x74 .\CortexM3\ARM_GCC_441\Debug\CharLCDmp_Demo.a(CyLib.o)
 .text.CyIMO_SetTrimValue
                0x00000000      0x144 .\CortexM3\ARM_GCC_441\Debug\CharLCDmp_Demo.a(CyLib.o)
 .text.CyIMO_SetFreq
                0x00000000      0x1e4 .\CortexM3\ARM_GCC_441\Debug\CharLCDmp_Demo.a(CyLib.o)
 .text.CyIMO_SetSource
                0x00000000       0xb8 .\CortexM3\ARM_GCC_441\Debug\CharLCDmp_Demo.a(CyLib.o)
 .text.CyIMO_EnableDoubler
                0x00000000       0x28 .\CortexM3\ARM_GCC_441\Debug\CharLCDmp_Demo.a(CyLib.o)
 .text.CyIMO_DisableDoubler
                0x00000000       0x24 .\CortexM3\ARM_GCC_441\Debug\CharLCDmp_Demo.a(CyLib.o)
 .text.CyMasterClk_SetSource
                0x00000000       0x3c .\CortexM3\ARM_GCC_441\Debug\CharLCDmp_Demo.a(CyLib.o)
 .text.CyMasterClk_SetDivider
                0x00000000       0x20 .\CortexM3\ARM_GCC_441\Debug\CharLCDmp_Demo.a(CyLib.o)
 .text.CyBusClk_Internal_SetDivider
                0x00000000       0x9c .\CortexM3\ARM_GCC_441\Debug\CharLCDmp_Demo.a(CyLib.o)
 .text.CyBusClk_SetDivider
                0x00000000       0xcc .\CortexM3\ARM_GCC_441\Debug\CharLCDmp_Demo.a(CyLib.o)
 .text.CyUsbClk_SetSource
                0x00000000       0x3c .\CortexM3\ARM_GCC_441\Debug\CharLCDmp_Demo.a(CyLib.o)
 .text.CyILO_Start1K
                0x00000000       0x28 .\CortexM3\ARM_GCC_441\Debug\CharLCDmp_Demo.a(CyLib.o)
 .text.CyILO_Stop1K
                0x00000000       0x24 .\CortexM3\ARM_GCC_441\Debug\CharLCDmp_Demo.a(CyLib.o)
 .text.CyILO_Start100K
                0x00000000       0x28 .\CortexM3\ARM_GCC_441\Debug\CharLCDmp_Demo.a(CyLib.o)
 .text.CyILO_Stop100K
                0x00000000       0x24 .\CortexM3\ARM_GCC_441\Debug\CharLCDmp_Demo.a(CyLib.o)
 .text.CyILO_Enable33K
                0x00000000       0x28 .\CortexM3\ARM_GCC_441\Debug\CharLCDmp_Demo.a(CyLib.o)
 .text.CyILO_Disable33K
                0x00000000       0x24 .\CortexM3\ARM_GCC_441\Debug\CharLCDmp_Demo.a(CyLib.o)
 .text.CyILO_SetSource
                0x00000000       0x44 .\CortexM3\ARM_GCC_441\Debug\CharLCDmp_Demo.a(CyLib.o)
 .text.CyILO_SetPowerMode
                0x00000000       0x58 .\CortexM3\ARM_GCC_441\Debug\CharLCDmp_Demo.a(CyLib.o)
 .text.CyXTAL_32KHZ_Start
                0x00000000       0xa4 .\CortexM3\ARM_GCC_441\Debug\CharLCDmp_Demo.a(CyLib.o)
 .text.CyXTAL_32KHZ_Stop
                0x00000000       0x60 .\CortexM3\ARM_GCC_441\Debug\CharLCDmp_Demo.a(CyLib.o)
 .text.CyXTAL_32KHZ_ReadStatus
                0x00000000       0x1c .\CortexM3\ARM_GCC_441\Debug\CharLCDmp_Demo.a(CyLib.o)
 .text.CyXTAL_32KHZ_SetPowerMode
                0x00000000       0xf8 .\CortexM3\ARM_GCC_441\Debug\CharLCDmp_Demo.a(CyLib.o)
 .text.CyXTAL_Start
                0x00000000      0x100 .\CortexM3\ARM_GCC_441\Debug\CharLCDmp_Demo.a(CyLib.o)
 .text.CyXTAL_Stop
                0x00000000       0x24 .\CortexM3\ARM_GCC_441\Debug\CharLCDmp_Demo.a(CyLib.o)
 .text.CyXTAL_EnableErrStatus
                0x00000000       0x24 .\CortexM3\ARM_GCC_441\Debug\CharLCDmp_Demo.a(CyLib.o)
 .text.CyXTAL_DisableErrStatus
                0x00000000       0x28 .\CortexM3\ARM_GCC_441\Debug\CharLCDmp_Demo.a(CyLib.o)
 .text.CyXTAL_ReadStatus
                0x00000000       0x28 .\CortexM3\ARM_GCC_441\Debug\CharLCDmp_Demo.a(CyLib.o)
 .text.CyXTAL_EnableFaultRecovery
                0x00000000       0x28 .\CortexM3\ARM_GCC_441\Debug\CharLCDmp_Demo.a(CyLib.o)
 .text.CyXTAL_DisableFaultRecovery
                0x00000000       0x24 .\CortexM3\ARM_GCC_441\Debug\CharLCDmp_Demo.a(CyLib.o)
 .text.CyXTAL_SetStartup
                0x00000000       0x3c .\CortexM3\ARM_GCC_441\Debug\CharLCDmp_Demo.a(CyLib.o)
 .text.CyXTAL_SetFbVoltage
                0x00000000       0x3c .\CortexM3\ARM_GCC_441\Debug\CharLCDmp_Demo.a(CyLib.o)
 .text.CyXTAL_SetWdVoltage
                0x00000000       0x44 .\CortexM3\ARM_GCC_441\Debug\CharLCDmp_Demo.a(CyLib.o)
 .text.CyHalt   0x00000000       0x18 .\CortexM3\ARM_GCC_441\Debug\CharLCDmp_Demo.a(CyLib.o)
 .text.CySoftwareReset
                0x00000000       0x18 .\CortexM3\ARM_GCC_441\Debug\CharLCDmp_Demo.a(CyLib.o)
 .text.CyDelayFreq
                0x00000000       0xac .\CortexM3\ARM_GCC_441\Debug\CharLCDmp_Demo.a(CyLib.o)
 .text.CyWdtStart
                0x00000000       0xc4 .\CortexM3\ARM_GCC_441\Debug\CharLCDmp_Demo.a(CyLib.o)
 .text.CyWdtClear
                0x00000000       0x18 .\CortexM3\ARM_GCC_441\Debug\CharLCDmp_Demo.a(CyLib.o)
 .text.CyVdLvDigitEnable
                0x00000000       0xec .\CortexM3\ARM_GCC_441\Debug\CharLCDmp_Demo.a(CyLib.o)
 .text.CyVdLvAnalogEnable
                0x00000000       0xf4 .\CortexM3\ARM_GCC_441\Debug\CharLCDmp_Demo.a(CyLib.o)
 .text.CyVdLvDigitDisable
                0x00000000       0x54 .\CortexM3\ARM_GCC_441\Debug\CharLCDmp_Demo.a(CyLib.o)
 .text.CyVdLvAnalogDisable
                0x00000000       0x54 .\CortexM3\ARM_GCC_441\Debug\CharLCDmp_Demo.a(CyLib.o)
 .text.CyVdHvAnalogEnable
                0x00000000       0x78 .\CortexM3\ARM_GCC_441\Debug\CharLCDmp_Demo.a(CyLib.o)
 .text.CyVdHvAnalogDisable
                0x00000000       0x24 .\CortexM3\ARM_GCC_441\Debug\CharLCDmp_Demo.a(CyLib.o)
 .text.CyVdStickyStatus
                0x00000000       0x48 .\CortexM3\ARM_GCC_441\Debug\CharLCDmp_Demo.a(CyLib.o)
 .text.CyVdRealTimeStatus
                0x00000000       0x30 .\CortexM3\ARM_GCC_441\Debug\CharLCDmp_Demo.a(CyLib.o)
 .text.CyDisableInts
                0x00000000       0x3c .\CortexM3\ARM_GCC_441\Debug\CharLCDmp_Demo.a(CyLib.o)
 .text.CyEnableInts
                0x00000000       0x2c .\CortexM3\ARM_GCC_441\Debug\CharLCDmp_Demo.a(CyLib.o)
 .text.CyFlushCache
                0x00000000       0x7c .\CortexM3\ARM_GCC_441\Debug\CharLCDmp_Demo.a(CyLib.o)
 .text.CyIntSetSysVector
                0x00000000       0x58 .\CortexM3\ARM_GCC_441\Debug\CharLCDmp_Demo.a(CyLib.o)
 .text.CyIntGetSysVector
                0x00000000       0x40 .\CortexM3\ARM_GCC_441\Debug\CharLCDmp_Demo.a(CyLib.o)
 .text.CyIntSetVector
                0x00000000       0x60 .\CortexM3\ARM_GCC_441\Debug\CharLCDmp_Demo.a(CyLib.o)
 .text.CyIntGetVector
                0x00000000       0x44 .\CortexM3\ARM_GCC_441\Debug\CharLCDmp_Demo.a(CyLib.o)
 .text.CyIntSetPriority
                0x00000000       0x4c .\CortexM3\ARM_GCC_441\Debug\CharLCDmp_Demo.a(CyLib.o)
 .text.CyIntGetPriority
                0x00000000       0x3c .\CortexM3\ARM_GCC_441\Debug\CharLCDmp_Demo.a(CyLib.o)
 .text.CyIntGetState
                0x00000000       0x40 .\CortexM3\ARM_GCC_441\Debug\CharLCDmp_Demo.a(CyLib.o)
 .text          0x00000000        0x0 .\CortexM3\ARM_GCC_441\Debug\CharLCDmp_Demo.a(cyPm.o)
 .data          0x00000000        0x0 .\CortexM3\ARM_GCC_441\Debug\CharLCDmp_Demo.a(cyPm.o)
 .bss           0x00000000       0x44 .\CortexM3\ARM_GCC_441\Debug\CharLCDmp_Demo.a(cyPm.o)
 .rodata        0x00000000       0x10 .\CortexM3\ARM_GCC_441\Debug\CharLCDmp_Demo.a(cyPm.o)
 .text.CyPmSaveClocks
                0x00000000      0x350 .\CortexM3\ARM_GCC_441\Debug\CharLCDmp_Demo.a(cyPm.o)
 .text.CyPmRestoreClocks
                0x00000000      0x3f4 .\CortexM3\ARM_GCC_441\Debug\CharLCDmp_Demo.a(cyPm.o)
 .text.CyPmAltAct
                0x00000000      0x110 .\CortexM3\ARM_GCC_441\Debug\CharLCDmp_Demo.a(cyPm.o)
 .text.CyPmSleep
                0x00000000      0x218 .\CortexM3\ARM_GCC_441\Debug\CharLCDmp_Demo.a(cyPm.o)
 .text.CyPmHibernate
                0x00000000      0x1ec .\CortexM3\ARM_GCC_441\Debug\CharLCDmp_Demo.a(cyPm.o)
 .text.CyPmReadStatus
                0x00000000       0x7c .\CortexM3\ARM_GCC_441\Debug\CharLCDmp_Demo.a(cyPm.o)
 .text.CyPmHibSaveSet
                0x00000000       0xe4 .\CortexM3\ARM_GCC_441\Debug\CharLCDmp_Demo.a(cyPm.o)
 .text.CyPmHibRestore
                0x00000000       0x6c .\CortexM3\ARM_GCC_441\Debug\CharLCDmp_Demo.a(cyPm.o)
 .text.CyPmCtwSetInterval
                0x00000000       0xd8 .\CortexM3\ARM_GCC_441\Debug\CharLCDmp_Demo.a(cyPm.o)
 .text.CyPmOppsSet
                0x00000000       0x54 .\CortexM3\ARM_GCC_441\Debug\CharLCDmp_Demo.a(cyPm.o)
 .text.CyPmFtwSetInterval
                0x00000000       0xdc .\CortexM3\ARM_GCC_441\Debug\CharLCDmp_Demo.a(cyPm.o)
 .text.CyPmSlpSaveSet
                0x00000000        0xc .\CortexM3\ARM_GCC_441\Debug\CharLCDmp_Demo.a(cyPm.o)
 .text.CyPmSlpRestore
                0x00000000        0xc .\CortexM3\ARM_GCC_441\Debug\CharLCDmp_Demo.a(cyPm.o)
 .text.CyPmHibSlpSaveSet
                0x00000000      0x454 .\CortexM3\ARM_GCC_441\Debug\CharLCDmp_Demo.a(cyPm.o)
 .text.CyPmHibSlpRestore
                0x00000000      0x270 .\CortexM3\ARM_GCC_441\Debug\CharLCDmp_Demo.a(cyPm.o)
 .text.CyPmHviLviSaveDisable
                0x00000000      0x134 .\CortexM3\ARM_GCC_441\Debug\CharLCDmp_Demo.a(cyPm.o)
 .text.CyPmHviLviRestore
                0x00000000       0x7c .\CortexM3\ARM_GCC_441\Debug\CharLCDmp_Demo.a(cyPm.o)
 .text          0x00000000        0x0 .\CortexM3\ARM_GCC_441\Debug\CharLCDmp_Demo.a(cyfitter_cfg.o)
 .data          0x00000000        0x0 .\CortexM3\ARM_GCC_441\Debug\CharLCDmp_Demo.a(cyfitter_cfg.o)
 .bss           0x00000000        0x0 .\CortexM3\ARM_GCC_441\Debug\CharLCDmp_Demo.a(cyfitter_cfg.o)
 .text.CYCONFIGCPYCODE
                0x00000000       0x20 .\CortexM3\ARM_GCC_441\Debug\CharLCDmp_Demo.a(cyfitter_cfg.o)
 .text.SetAnalogRoutingPumps
                0x00000000       0x30 .\CortexM3\ARM_GCC_441\Debug\CharLCDmp_Demo.a(cyfitter_cfg.o)
 .data          0x00000000        0x0 .\CortexM3\ARM_GCC_441\Debug\CharLCDmp_Demo.a(CyBootAsmGnu.o)
 .bss           0x00000000        0x0 .\CortexM3\ARM_GCC_441\Debug\CharLCDmp_Demo.a(CyBootAsmGnu.o)
 .text          0x00000000        0x0 .\CortexM3\ARM_GCC_441\Debug\CharLCDmp_Demo.a(CyFlash.o)
 .data          0x00000000        0x0 .\CortexM3\ARM_GCC_441\Debug\CharLCDmp_Demo.a(CyFlash.o)
 .bss           0x00000000        0x4 .\CortexM3\ARM_GCC_441\Debug\CharLCDmp_Demo.a(CyFlash.o)
 .text.CyFlash_Start
                0x00000000       0x48 .\CortexM3\ARM_GCC_441\Debug\CharLCDmp_Demo.a(CyFlash.o)
 .text.CyFlash_Stop
                0x00000000       0x40 .\CortexM3\ARM_GCC_441\Debug\CharLCDmp_Demo.a(CyFlash.o)
 .text.CySetTempInt
                0x00000000       0x90 .\CortexM3\ARM_GCC_441\Debug\CharLCDmp_Demo.a(CyFlash.o)
 .text.CySetTemp
                0x00000000       0x28 .\CortexM3\ARM_GCC_441\Debug\CharLCDmp_Demo.a(CyFlash.o)
 .text.CySetFlashEEBuffer
                0x00000000       0x50 .\CortexM3\ARM_GCC_441\Debug\CharLCDmp_Demo.a(CyFlash.o)
 .text.CyWriteRowData
                0x00000000       0xac .\CortexM3\ARM_GCC_441\Debug\CharLCDmp_Demo.a(CyFlash.o)
 .text.CyWriteRowFull
                0x00000000      0x124 .\CortexM3\ARM_GCC_441\Debug\CharLCDmp_Demo.a(CyFlash.o)
 .text.CyFlash_SetWaitCycles
                0x00000000       0xc4 .\CortexM3\ARM_GCC_441\Debug\CharLCDmp_Demo.a(CyFlash.o)
 .text.CyEEPROM_Start
                0x00000000       0x44 .\CortexM3\ARM_GCC_441\Debug\CharLCDmp_Demo.a(CyFlash.o)
 .text.CyEEPROM_Stop
                0x00000000       0x40 .\CortexM3\ARM_GCC_441\Debug\CharLCDmp_Demo.a(CyFlash.o)
 .text.CyEEPROM_ReadReserve
                0x00000000       0x3c .\CortexM3\ARM_GCC_441\Debug\CharLCDmp_Demo.a(CyFlash.o)
 .text.CyEEPROM_ReadRelease
                0x00000000       0x20 .\CortexM3\ARM_GCC_441\Debug\CharLCDmp_Demo.a(CyFlash.o)
 COMMON         0x00000000        0x2 .\CortexM3\ARM_GCC_441\Debug\CharLCDmp_Demo.a(CyFlash.o)
 .text          0x00000000        0x0 .\CortexM3\ARM_GCC_441\Debug\CharLCDmp_Demo.a(CySpc.o)
 .data          0x00000000        0x0 .\CortexM3\ARM_GCC_441\Debug\CharLCDmp_Demo.a(CySpc.o)
 .bss           0x00000000        0x2 .\CortexM3\ARM_GCC_441\Debug\CharLCDmp_Demo.a(CySpc.o)
 .text.CySpcStart
                0x00000000       0x58 .\CortexM3\ARM_GCC_441\Debug\CharLCDmp_Demo.a(CySpc.o)
 .text.CySpcStop
                0x00000000       0x54 .\CortexM3\ARM_GCC_441\Debug\CharLCDmp_Demo.a(CySpc.o)
 .text.CySpcReadData
                0x00000000       0x64 .\CortexM3\ARM_GCC_441\Debug\CharLCDmp_Demo.a(CySpc.o)
 .text.CySpcLoadMultiByte
                0x00000000      0x118 .\CortexM3\ARM_GCC_441\Debug\CharLCDmp_Demo.a(CySpc.o)
 .text.CySpcLoadRow
                0x00000000       0xbc .\CortexM3\ARM_GCC_441\Debug\CharLCDmp_Demo.a(CySpc.o)
 .text.CySpcWriteRow
                0x00000000       0xcc .\CortexM3\ARM_GCC_441\Debug\CharLCDmp_Demo.a(CySpc.o)
 .text.CySpcEraseSector
                0x00000000       0x9c .\CortexM3\ARM_GCC_441\Debug\CharLCDmp_Demo.a(CySpc.o)
 .text.CySpcGetTemp
                0x00000000       0x8c .\CortexM3\ARM_GCC_441\Debug\CharLCDmp_Demo.a(CySpc.o)
 .text.CySpcLock
                0x00000000       0x8c .\CortexM3\ARM_GCC_441\Debug\CharLCDmp_Demo.a(CySpc.o)
 .text.CySpcUnlock
                0x00000000       0x68 .\CortexM3\ARM_GCC_441\Debug\CharLCDmp_Demo.a(CySpc.o)
 .data          0x00000000        0x0 c:/program files (x86)/cypress/psoc creator/2.2/psoc creator/import/gnu_cs/arm/4.4.1/bin/../lib/gcc/arm-none-eabi/4.4.1/../../../../arm-none-eabi/lib/thumb2\libc.a(lib_a-memcpy.o)
 .bss           0x00000000        0x0 c:/program files (x86)/cypress/psoc creator/2.2/psoc creator/import/gnu_cs/arm/4.4.1/bin/../lib/gcc/arm-none-eabi/4.4.1/../../../../arm-none-eabi/lib/thumb2\libc.a(lib_a-memcpy.o)
 .data          0x00000000        0x0 c:/program files (x86)/cypress/psoc creator/2.2/psoc creator/import/gnu_cs/arm/4.4.1/bin/../lib/gcc/arm-none-eabi/4.4.1/../../../../arm-none-eabi/lib/thumb2\libc.a(lib_a-memset.o)
 .bss           0x00000000        0x0 c:/program files (x86)/cypress/psoc creator/2.2/psoc creator/import/gnu_cs/arm/4.4.1/bin/../lib/gcc/arm-none-eabi/4.4.1/../../../../arm-none-eabi/lib/thumb2\libc.a(lib_a-memset.o)
 .text          0x00000000        0x0 c:/program files (x86)/cypress/psoc creator/2.2/psoc creator/import/gnu_cs/arm/4.4.1/bin/../lib/gcc/arm-none-eabi/4.4.1/thumb2/crtend.o
 .data          0x00000000        0x0 c:/program files (x86)/cypress/psoc creator/2.2/psoc creator/import/gnu_cs/arm/4.4.1/bin/../lib/gcc/arm-none-eabi/4.4.1/thumb2/crtend.o
 .bss           0x00000000        0x0 c:/program files (x86)/cypress/psoc creator/2.2/psoc creator/import/gnu_cs/arm/4.4.1/bin/../lib/gcc/arm-none-eabi/4.4.1/thumb2/crtend.o
 .text          0x00000000        0x0 c:/program files (x86)/cypress/psoc creator/2.2/psoc creator/import/gnu_cs/arm/4.4.1/bin/../lib/gcc/arm-none-eabi/4.4.1/thumb2/crtn.o
 .data          0x00000000        0x0 c:/program files (x86)/cypress/psoc creator/2.2/psoc creator/import/gnu_cs/arm/4.4.1/bin/../lib/gcc/arm-none-eabi/4.4.1/thumb2/crtn.o
 .bss           0x00000000        0x0 c:/program files (x86)/cypress/psoc creator/2.2/psoc creator/import/gnu_cs/arm/4.4.1/bin/../lib/gcc/arm-none-eabi/4.4.1/thumb2/crtn.o
 .data          0x00000000        0x0 c:/program files (x86)/cypress/psoc creator/2.2/psoc creator/import/gnu_cs/arm/4.4.1/bin/../lib/gcc/arm-none-eabi/4.4.1/../../../../arm-none-eabi/lib/thumb2\libcs3.a(start_c.o)
 .bss           0x00000000        0x0 c:/program files (x86)/cypress/psoc creator/2.2/psoc creator/import/gnu_cs/arm/4.4.1/bin/../lib/gcc/arm-none-eabi/4.4.1/../../../../arm-none-eabi/lib/thumb2\libcs3.a(start_c.o)
 .text          0x00000000        0x0 c:/program files (x86)/cypress/psoc creator/2.2/psoc creator/import/gnu_cs/arm/4.4.1/bin/../lib/gcc/arm-none-eabi/4.4.1/../../../../arm-none-eabi/lib/thumb2\libcs3micro.a(micro-vector.o)
 .data          0x00000000        0x0 c:/program files (x86)/cypress/psoc creator/2.2/psoc creator/import/gnu_cs/arm/4.4.1/bin/../lib/gcc/arm-none-eabi/4.4.1/../../../../arm-none-eabi/lib/thumb2\libcs3micro.a(micro-vector.o)
 .bss           0x00000000        0x0 c:/program files (x86)/cypress/psoc creator/2.2/psoc creator/import/gnu_cs/arm/4.4.1/bin/../lib/gcc/arm-none-eabi/4.4.1/../../../../arm-none-eabi/lib/thumb2\libcs3micro.a(micro-vector.o)
 .data          0x00000000        0x0 c:/program files (x86)/cypress/psoc creator/2.2/psoc creator/import/gnu_cs/arm/4.4.1/bin/../lib/gcc/arm-none-eabi/4.4.1/../../../../arm-none-eabi/lib/thumb2\libcs3micro.a(micro_isr_interrupt.o)
 .bss           0x00000000        0x0 c:/program files (x86)/cypress/psoc creator/2.2/psoc creator/import/gnu_cs/arm/4.4.1/bin/../lib/gcc/arm-none-eabi/4.4.1/../../../../arm-none-eabi/lib/thumb2\libcs3micro.a(micro_isr_interrupt.o)
 .data          0x00000000        0x0 c:/program files (x86)/cypress/psoc creator/2.2/psoc creator/import/gnu_cs/arm/4.4.1/bin/../lib/gcc/arm-none-eabi/4.4.1/../../../../arm-none-eabi/lib/thumb2\libc.a(lib_a-init.o)
 .bss           0x00000000        0x0 c:/program files (x86)/cypress/psoc creator/2.2/psoc creator/import/gnu_cs/arm/4.4.1/bin/../lib/gcc/arm-none-eabi/4.4.1/../../../../arm-none-eabi/lib/thumb2\libc.a(lib_a-init.o)

Memory Configuration

Name             Origin             Length             Attributes
rom              0x00000000         0x00040000         xr
ram              0x1fff8000         0x0000b000         xrw
*default*        0x00000000         0xffffffff

Linker script and memory map

LOAD c:/program files (x86)/cypress/psoc creator/2.2/psoc creator/import/gnu_cs/arm/4.4.1/bin/../lib/gcc/arm-none-eabi/4.4.1/thumb2/crti.o
LOAD c:/program files (x86)/cypress/psoc creator/2.2/psoc creator/import/gnu_cs/arm/4.4.1/bin/../lib/gcc/arm-none-eabi/4.4.1/thumb2/crtbegin.o
START GROUP
LOAD .\CortexM3\ARM_GCC_441\Debug\main.o
LOAD .\CortexM3\ARM_GCC_441\Debug\Cm3Start.o
LOAD .\CortexM3\ARM_GCC_441\Debug\CharLCDmp_Demo.a
LOAD C:\Program Files (x86)\Cypress\PSoC Creator\2.2\PSoC Creator\psoc\content\cycomponentlibrary\CyComponentLibrary.cylib\CortexM3\ARM_GCC_441\Debug\CyComponentLibrary.a
END GROUP
START GROUP
LOAD c:/program files (x86)/cypress/psoc creator/2.2/psoc creator/import/gnu_cs/arm/4.4.1/bin/../lib/gcc/arm-none-eabi/4.4.1/thumb2\libgcc.a
LOAD c:/program files (x86)/cypress/psoc creator/2.2/psoc creator/import/gnu_cs/arm/4.4.1/bin/../lib/gcc/arm-none-eabi/4.4.1/../../../../arm-none-eabi/lib/thumb2\libc.a
END GROUP
LOAD c:/program files (x86)/cypress/psoc creator/2.2/psoc creator/import/gnu_cs/arm/4.4.1/bin/../lib/gcc/arm-none-eabi/4.4.1/thumb2/crtend.o
LOAD c:/program files (x86)/cypress/psoc creator/2.2/psoc creator/import/gnu_cs/arm/4.4.1/bin/../lib/gcc/arm-none-eabi/4.4.1/thumb2/crtn.o
START GROUP
LOAD c:/program files (x86)/cypress/psoc creator/2.2/psoc creator/import/gnu_cs/arm/4.4.1/bin/../lib/gcc/arm-none-eabi/4.4.1/thumb2\libgcc.a
LOAD c:/program files (x86)/cypress/psoc creator/2.2/psoc creator/import/gnu_cs/arm/4.4.1/bin/../lib/gcc/arm-none-eabi/4.4.1/../../../../arm-none-eabi/lib/thumb2\libc.a
LOAD c:/program files (x86)/cypress/psoc creator/2.2/psoc creator/import/gnu_cs/arm/4.4.1/bin/../lib/gcc/arm-none-eabi/4.4.1/../../../../arm-none-eabi/lib/thumb2\libcs3.a
LOAD c:/program files (x86)/cypress/psoc creator/2.2/psoc creator/import/gnu_cs/arm/4.4.1/bin/../lib/gcc/arm-none-eabi/4.4.1/../../../../arm-none-eabi/lib/thumb2\libcs3unhosted.a
LOAD c:/program files (x86)/cypress/psoc creator/2.2/psoc creator/import/gnu_cs/arm/4.4.1/bin/../lib/gcc/arm-none-eabi/4.4.1/../../../../arm-none-eabi/lib/thumb2\libcs3micro.a
END GROUP
                0x1fff8120                PROVIDE (__cs3_heap_start, _end)
                0x00000001                PROVIDE (__cs3_region_num, ((__cs3_regions_end - __cs3_regions) / 0x14))
                0x20008000                PROVIDE (__cs3_stack, 0x20008000)
                0x20004000                PROVIDE (__cs3_heap_end, (__cs3_stack - 0x4000))

.text           0x00000000      0xec8
 CREATE_OBJECT_SYMBOLS
                0x00000000                __cs3_interrupt_vector = __cs3_interrupt_vector_micro
 *(.cs3.interrupt_vector)
 .cs3.interrupt_vector
                0x00000000       0xc0 c:/program files (x86)/cypress/psoc creator/2.2/psoc creator/import/gnu_cs/arm/4.4.1/bin/../lib/gcc/arm-none-eabi/4.4.1/../../../../arm-none-eabi/lib/thumb2\libcs3micro.a(micro-vector.o)
                0x00000000                __cs3_interrupt_vector_micro
                0x00000001                ASSERT ((. != __cs3_interrupt_vector_micro), No interrupt vector)
                0x000001ec                PROVIDE (__cs3_reset, Reset)
 *(.cs3.reset)
                0x00000001                ASSERT ((. != __cs3_reset), No reset code)
 *(.dma_init)
                0x00000001                ASSERT ((((0x0 + .) <= 0x10000) || 0x1), DMA Init must be within the first 64k of flash)
 *(.text.cs3.init)
 .text.cs3.init
                0x000000c0       0x5c c:/program files (x86)/cypress/psoc creator/2.2/psoc creator/import/gnu_cs/arm/4.4.1/bin/../lib/gcc/arm-none-eabi/4.4.1/../../../../arm-none-eabi/lib/thumb2\libcs3.a(start_c.o)
                0x000000c0                __cs3_start_c
 *(.text .text.* .gnu.linkonce.t.*)
 .text          0x0000011c       0x30 c:/program files (x86)/cypress/psoc creator/2.2/psoc creator/import/gnu_cs/arm/4.4.1/bin/../lib/gcc/arm-none-eabi/4.4.1/thumb2/crtbegin.o
 .text.main     0x0000014c       0xa0 .\CortexM3\ARM_GCC_441\Debug\main.o
                0x0000014c                main
 .text.Reset    0x000001ec       0x24 .\CortexM3\ARM_GCC_441\Debug\Cm3Start.o
                0x000001ec                Reset
 .text.initialize_psoc
                0x00000210       0x9c .\CortexM3\ARM_GCC_441\Debug\Cm3Start.o
                0x00000210                initialize_psoc
 .text.LCD_LoadCustomFonts
                0x000002ac       0x4c .\CortexM3\ARM_GCC_441\Debug\CharLCDmp_Demo.a(LCD_BarGraph.o)
                0x000002ac                LCD_LoadCustomFonts
 .text.LCD_DrawHorizontalBG
                0x000002f8       0xc8 .\CortexM3\ARM_GCC_441\Debug\CharLCDmp_Demo.a(LCD_BarGraph.o)
                0x000002f8                LCD_DrawHorizontalBG
 .text.LCD_Init
                0x000003c0       0x9c .\CortexM3\ARM_GCC_441\Debug\CharLCDmp_Demo.a(LCD.o)
                0x000003c0                LCD_Init
 .text.LCD_Enable
                0x0000045c       0x1c .\CortexM3\ARM_GCC_441\Debug\CharLCDmp_Demo.a(LCD.o)
                0x0000045c                LCD_Enable
 .text.LCD_Start
                0x00000478       0x2c .\CortexM3\ARM_GCC_441\Debug\CharLCDmp_Demo.a(LCD.o)
                0x00000478                LCD_Start
 .text.LCD_Position
                0x000004a4       0x74 .\CortexM3\ARM_GCC_441\Debug\CharLCDmp_Demo.a(LCD.o)
                0x000004a4                LCD_Position
 .text.LCD_PrintString
                0x00000518       0x40 .\CortexM3\ARM_GCC_441\Debug\CharLCDmp_Demo.a(LCD.o)
                0x00000518                LCD_PrintString
 .text.LCD_PutChar
                0x00000558       0x1c .\CortexM3\ARM_GCC_441\Debug\CharLCDmp_Demo.a(LCD.o)
                0x00000558                LCD_PutChar
 .text.LCD_WriteData
                0x00000574       0x44 .\CortexM3\ARM_GCC_441\Debug\CharLCDmp_Demo.a(LCD.o)
                0x00000574                LCD_WriteData
 .text.LCD_WriteControl
                0x000005b8       0x44 .\CortexM3\ARM_GCC_441\Debug\CharLCDmp_Demo.a(LCD.o)
                0x000005b8                LCD_WriteControl
 .text.LCD_IsReady
                0x000005fc       0x10 .\CortexM3\ARM_GCC_441\Debug\CharLCDmp_Demo.a(LCD.o)
                0x000005fc                LCD_IsReady
 .text.LCD_WrDatNib
                0x0000060c       0xa8 .\CortexM3\ARM_GCC_441\Debug\CharLCDmp_Demo.a(LCD.o)
 .text.LCD_WrCntrlNib
                0x000006b4       0x8c .\CortexM3\ARM_GCC_441\Debug\CharLCDmp_Demo.a(LCD.o)
 .text.LCD_PrintInt8
                0x00000740       0x44 .\CortexM3\ARM_GCC_441\Debug\CharLCDmp_Demo.a(LCD.o)
                0x00000740                LCD_PrintInt8
 .text.CyDelay  0x00000784       0x48 .\CortexM3\ARM_GCC_441\Debug\CharLCDmp_Demo.a(CyLib.o)
                0x00000784                CyDelay
 .text.CyDelayUs
                0x000007cc       0x28 .\CortexM3\ARM_GCC_441\Debug\CharLCDmp_Demo.a(CyLib.o)
                0x000007cc                CyDelayUs
 .text.CYMEMZERO
                0x000007f4       0x20 .\CortexM3\ARM_GCC_441\Debug\CharLCDmp_Demo.a(cyfitter_cfg.o)
 .text.CYCONFIGCPY
                0x00000814       0x20 .\CortexM3\ARM_GCC_441\Debug\CharLCDmp_Demo.a(cyfitter_cfg.o)
 .text.cfg_write_bytes32
                0x00000834       0x84 .\CortexM3\ARM_GCC_441\Debug\CharLCDmp_Demo.a(cyfitter_cfg.o)
 .text.ClockSetup
                0x000008b8      0x10c .\CortexM3\ARM_GCC_441\Debug\CharLCDmp_Demo.a(cyfitter_cfg.o)
 .text.AnalogSetDefault
                0x000009c4       0x4c .\CortexM3\ARM_GCC_441\Debug\CharLCDmp_Demo.a(cyfitter_cfg.o)
 .text.cyfitter_cfg
                0x00000a10      0x1b0 .\CortexM3\ARM_GCC_441\Debug\CharLCDmp_Demo.a(cyfitter_cfg.o)
                0x00000a10                cyfitter_cfg
 .text          0x00000bc0       0x20 .\CortexM3\ARM_GCC_441\Debug\CharLCDmp_Demo.a(CyBootAsmGnu.o)
                0x00000bc0                CyDelayCycles
                0x00000bd0                CyEnterCriticalSection
                0x00000bd8                CyExitCriticalSection
 .text          0x00000be0      0x190 c:/program files (x86)/cypress/psoc creator/2.2/psoc creator/import/gnu_cs/arm/4.4.1/bin/../lib/gcc/arm-none-eabi/4.4.1/../../../../arm-none-eabi/lib/thumb2\libc.a(lib_a-memcpy.o)
                0x00000be0                memcpy
 .text          0x00000d70       0xd4 c:/program files (x86)/cypress/psoc creator/2.2/psoc creator/import/gnu_cs/arm/4.4.1/bin/../lib/gcc/arm-none-eabi/4.4.1/../../../../arm-none-eabi/lib/thumb2\libc.a(lib_a-memset.o)
                0x00000d70                memset
 .text          0x00000e44       0x30 c:/program files (x86)/cypress/psoc creator/2.2/psoc creator/import/gnu_cs/arm/4.4.1/bin/../lib/gcc/arm-none-eabi/4.4.1/../../../../arm-none-eabi/lib/thumb2\libcs3.a(start_c.o)
                0x00000e44                __cs3_premain
 .text          0x00000e74        0x2 c:/program files (x86)/cypress/psoc creator/2.2/psoc creator/import/gnu_cs/arm/4.4.1/bin/../lib/gcc/arm-none-eabi/4.4.1/../../../../arm-none-eabi/lib/thumb2\libcs3micro.a(micro_isr_interrupt.o)
                0x00000e74                __cs3_isr_external_24
                0x00000e74                __cs3_isr_external_9
                0x00000e74                __cs3_isr_external_14
                0x00000e74                __cs3_isr_reserved_9
                0x00000e74                __cs3_isr_external_4
                0x00000e74                __cs3_isr_external_21
                0x00000e74                __cs3_isr_external_0
                0x00000e74                __cs3_isr_external_27
                0x00000e74                __cs3_isr_external_11
                0x00000e74                __cs3_isr_usage_fault
                0x00000e74                __cs3_isr_svcall
                0x00000e74                __cs3_isr_external_3
                0x00000e74                __cs3_isr_mpu_fault
                0x00000e74                __cs3_isr_external_16
                0x00000e74                __cs3_isr_pendsv
                0x00000e74                __cs3_isr_external_31
                0x00000e74                __cs3_isr_nmi
                0x00000e74                __cs3_isr_external_5
                0x00000e74                __cs3_isr_external_6
                0x00000e74                __cs3_isr_external_12
                0x00000e74                __cs3_isr_hard_fault
                0x00000e74                __cs3_isr_bus_fault
                0x00000e74                __cs3_isr_external_1
                0x00000e74                __cs3_isr_external_13
                0x00000e74                __cs3_isr_external_30
                0x00000e74                __cs3_isr_external_23
                0x00000e74                __cs3_isr_external_20
                0x00000e74                __cs3_isr_debug
                0x00000e74                __cs3_isr_reserved_13
                0x00000e74                __cs3_isr_external_8
                0x00000e74                __cs3_isr_external_26
                0x00000e74                __cs3_isr_reserved_8
                0x00000e74                __cs3_isr_reserved_7
                0x00000e74                __cs3_isr_external_7
                0x00000e74                __cs3_isr_external_28
                0x00000e74                __cs3_isr_systick
                0x00000e74                __cs3_isr_external_22
                0x00000e74                __cs3_isr_external_10
                0x00000e74                __cs3_isr_external_15
                0x00000e74                __cs3_isr_interrupt
                0x00000e74                __cs3_isr_external_18
                0x00000e74                __cs3_isr_external_29
                0x00000e74                __cs3_isr_external_25
                0x00000e74                __cs3_isr_reserved_10
                0x00000e74                __cs3_isr_external_2
                0x00000e74                __cs3_isr_external_17
                0x00000e74                __cs3_isr_external_19
 *fill*         0x00000e76        0x2 00
 .text          0x00000e78       0x50 c:/program files (x86)/cypress/psoc creator/2.2/psoc creator/import/gnu_cs/arm/4.4.1/bin/../lib/gcc/arm-none-eabi/4.4.1/../../../../arm-none-eabi/lib/thumb2\libc.a(lib_a-init.o)
                0x00000e78                __libc_init_array
 *(.plt)
 *(.gnu.warning)
 *(.glue_7t)
 .glue_7t       0x00000000        0x0 linker stubs
 *(.glue_7)
 .glue_7        0x00000000        0x0 linker stubs
 *(.vfp11_veneer)
 .vfp11_veneer  0x00000000        0x0 linker stubs
 *(.bootloader)
 *(.ARM.extab* .gnu.linkonce.armextab.*)
 *(.gcc_except_table)

.v4_bx          0x00000ec8        0x0
 .v4_bx         0x00000000        0x0 linker stubs

.eh_frame_hdr
 *(.eh_frame_hdr)

.eh_frame
 *(.eh_frame)
                0x00000ec8                PROVIDE (__exidx_start, .)

.ARM.exidx
 *(.ARM.exidx* .gnu.linkonce.armexidx.*)
                0x00000ec8                __exidx_end = .

.rodata         0x00000ec8       0xd0
 *(.rodata .rodata.* .gnu.linkonce.r.*)
 .rodata        0x00000ec8       0x10 .\CortexM3\ARM_GCC_441\Debug\main.o
 .rodata        0x00000ed8       0x40 .\CortexM3\ARM_GCC_441\Debug\CharLCDmp_Demo.a(LCD_BarGraph.o)
                0x00000ed8                LCD_customFonts
 .rodata        0x00000f18       0x10 .\CortexM3\ARM_GCC_441\Debug\CharLCDmp_Demo.a(LCD.o)
 .rodata        0x00000f28       0x38 .\CortexM3\ARM_GCC_441\Debug\CharLCDmp_Demo.a(cyfitter_cfg.o)
                0x00000f60                . = ALIGN (0x4)
 *(.init)
 .init          0x00000f60        0x4 c:/program files (x86)/cypress/psoc creator/2.2/psoc creator/import/gnu_cs/arm/4.4.1/bin/../lib/gcc/arm-none-eabi/4.4.1/thumb2/crti.o
                0x00000f60                _init
 .init          0x00000f64        0x8 c:/program files (x86)/cypress/psoc creator/2.2/psoc creator/import/gnu_cs/arm/4.4.1/bin/../lib/gcc/arm-none-eabi/4.4.1/thumb2/crtn.o
                0x00000f6c                . = ALIGN (0x4)
                0x00000f6c                __preinit_array_start = .
 *(.preinit_array)
                0x00000f6c                __preinit_array_end = .
                0x00000f6c                . = ALIGN (0x4)
                0x00000f6c                __init_array_start = .
 *(SORT(.init_array.*))
 *(.init_array)
 .init_array    0x00000f6c        0x4 c:/program files (x86)/cypress/psoc creator/2.2/psoc creator/import/gnu_cs/arm/4.4.1/bin/../lib/gcc/arm-none-eabi/4.4.1/thumb2/crtbegin.o
 .init_array    0x00000f70        0x4 .\CortexM3\ARM_GCC_441\Debug\Cm3Start.o
                0x00000f74                __init_array_end = .
                0x00000f74                . = ALIGN (0x4)
 *(.fini)
 .fini          0x00000f74        0x4 c:/program files (x86)/cypress/psoc creator/2.2/psoc creator/import/gnu_cs/arm/4.4.1/bin/../lib/gcc/arm-none-eabi/4.4.1/thumb2/crti.o
                0x00000f74                _fini
 .fini          0x00000f78        0x8 c:/program files (x86)/cypress/psoc creator/2.2/psoc creator/import/gnu_cs/arm/4.4.1/bin/../lib/gcc/arm-none-eabi/4.4.1/thumb2/crtn.o
                0x00000f80                . = ALIGN (0x4)
                0x00000f80                __fini_array_start = .
 *(.fini_array)
 .fini_array    0x00000f80        0x4 c:/program files (x86)/cypress/psoc creator/2.2/psoc creator/import/gnu_cs/arm/4.4.1/bin/../lib/gcc/arm-none-eabi/4.4.1/thumb2/crtbegin.o
 *(SORT(.fini_array.*))
                0x00000f84                __fini_array_end = .
                0x00000f84                . = ALIGN (0x4)
 *crtbegin.o(.ctors)
 *(EXCLUDE_FILE(*crtend.o) .ctors)
 *(SORT(.ctors.*))
 *crtend.o(.ctors)
                0x00000f84                . = ALIGN (0x4)
 *crtbegin.o(.dtors)
 *(EXCLUDE_FILE(*crtend.o) .dtors)
 *(SORT(.dtors.*))
 *crtend.o(.dtors)
                0x00000f84                . = ALIGN (0x4)
                0x00000f84                __cs3_regions = .
                0x00000f84        0x4 LONG 0x0
                0x00000f88        0x4 LONG 0xf98 __cs3_region_init_ram
                0x00000f8c        0x4 LONG 0x1fff8000 __cs3_region_start_ram
                0x00000f90        0x4 LONG 0x118 __cs3_region_init_size_ram
                0x00000f94        0x4 LONG 0x8 __cs3_region_zero_size_ram
                0x00000f98                __cs3_regions_end = .
                0x00000f98                . = ALIGN (0x8)
                0x00000f98                _etext = .

.data           0x1fff8000      0x118 load address 0x00000f98
                0x1fff8000                __cs3_region_start_ram = .
 *(.cs3.region-head.ram)
                0x1fff8001                ASSERT ((. == __cs3_region_start_ram), .cs3.region-head.ram not permitted)
 *(.ramvectors)
 .ramvectors    0x1fff8000      0x100 .\CortexM3\ARM_GCC_441\Debug\Cm3Start.o
                0x1fff8000                CyRamVectors
 *(.jcr)
 .jcr           0x1fff8100        0x0 c:/program files (x86)/cypress/psoc creator/2.2/psoc creator/import/gnu_cs/arm/4.4.1/bin/../lib/gcc/arm-none-eabi/4.4.1/thumb2/crtbegin.o
 .jcr           0x1fff8100        0x4 c:/program files (x86)/cypress/psoc creator/2.2/psoc creator/import/gnu_cs/arm/4.4.1/bin/../lib/gcc/arm-none-eabi/4.4.1/thumb2/crtend.o
 *(.got.plt)
 *(.got)
 *(.shdata)
 *(.data .data.* .gnu.linkonce.d.*)
 .data          0x1fff8104       0x10 .\CortexM3\ARM_GCC_441\Debug\CharLCDmp_Demo.a(CyLib.o)
                0x1fff8104                cydelay_freq_hz
                0x1fff8108                cydelay_freq_khz
                0x1fff810c                cydelay_freq_mhz
                0x1fff8110                cydelay_32k_ms
                0x1fff8118                . = ALIGN (0x8)
 *fill*         0x1fff8114        0x4 00
 *(.ram)
                0x1fff8118                _edata = .

.bss            0x1fff8118        0x8 load address 0x000010b0
 *(.shbss)
 *(.bss .bss.* .gnu.linkonce.b.*)
 .bss           0x1fff8118        0x1 c:/program files (x86)/cypress/psoc creator/2.2/psoc creator/import/gnu_cs/arm/4.4.1/bin/../lib/gcc/arm-none-eabi/4.4.1/thumb2/crtbegin.o
 .bss           0x1fff8119        0x2 .\CortexM3\ARM_GCC_441\Debug\CharLCDmp_Demo.a(LCD.o)
                0x1fff8119                LCD_enableState
                0x1fff811a                LCD_initVar
 *(COMMON)
 COMMON         0x1fff811b        0x1 .\CortexM3\ARM_GCC_441\Debug\CharLCDmp_Demo.a(CyLib.o)
                0x1fff811b                CyResetStatus
                0x1fff8120                . = ALIGN (0x8)
 *fill*         0x1fff811c        0x4 00
 *(.ram.b)
                0x1fff8120                _end = .
                0x1fff8120                __end = .
                0x20003000                __cs3_region_end_ram = (__cs3_region_start_ram + 0xb000)
                0x0000b000                __cs3_region_size_ram = 0xb000
                0x00000f98                __cs3_region_init_ram = LOADADDR (.data)
                0x00000118                __cs3_region_init_size_ram = (_edata - ADDR (.data))
                0x00000008                __cs3_region_zero_size_ram = (_end - _edata)

.stab
 *(.stab)

.stabstr
 *(.stabstr)

.debug
 *(.debug)

.line
 *(.line)

.debug_srcinfo
 *(.debug_srcinfo)

.debug_sfnames
 *(.debug_sfnames)

.comment        0x00000000      0x183
 .comment       0x00000000       0x2b .\CortexM3\ARM_GCC_441\Debug\main.o
 .comment       0x0000002b       0x2b .\CortexM3\ARM_GCC_441\Debug\Cm3Start.o
 .comment       0x00000056       0x2b .\CortexM3\ARM_GCC_441\Debug\CharLCDmp_Demo.a(LCD_BarGraph.o)
 .comment       0x00000081       0x2b .\CortexM3\ARM_GCC_441\Debug\CharLCDmp_Demo.a(LCD.o)
 .comment       0x000000ac       0x2b .\CortexM3\ARM_GCC_441\Debug\CharLCDmp_Demo.a(CyLib.o)
 .comment       0x000000d7       0x2b .\CortexM3\ARM_GCC_441\Debug\CharLCDmp_Demo.a(cyPm.o)
 .comment       0x00000102       0x2b .\CortexM3\ARM_GCC_441\Debug\CharLCDmp_Demo.a(cyfitter_cfg.o)
 .comment       0x0000012d       0x2b .\CortexM3\ARM_GCC_441\Debug\CharLCDmp_Demo.a(CyFlash.o)
 .comment       0x00000158       0x2b .\CortexM3\ARM_GCC_441\Debug\CharLCDmp_Demo.a(CySpc.o)

.debug_aranges  0x00000000      0x518
 *(.debug_aranges)
 .debug_aranges
                0x00000000       0x20 .\CortexM3\ARM_GCC_441\Debug\main.o
 .debug_aranges
                0x00000020       0x30 .\CortexM3\ARM_GCC_441\Debug\Cm3Start.o
 .debug_aranges
                0x00000050       0x28 .\CortexM3\ARM_GCC_441\Debug\CharLCDmp_Demo.a(LCD_BarGraph.o)
 .debug_aranges
                0x00000078       0x90 .\CortexM3\ARM_GCC_441\Debug\CharLCDmp_Demo.a(LCD.o)
 .debug_aranges
                0x00000108      0x218 .\CortexM3\ARM_GCC_441\Debug\CharLCDmp_Demo.a(CyLib.o)
 .debug_aranges
                0x00000320       0xa0 .\CortexM3\ARM_GCC_441\Debug\CharLCDmp_Demo.a(cyPm.o)
 .debug_aranges
                0x000003c0       0x58 .\CortexM3\ARM_GCC_441\Debug\CharLCDmp_Demo.a(cyfitter_cfg.o)
 .debug_aranges
                0x00000418       0x20 .\CortexM3\ARM_GCC_441\Debug\CharLCDmp_Demo.a(CyBootAsmGnu.o)
 .debug_aranges
                0x00000438       0x78 .\CortexM3\ARM_GCC_441\Debug\CharLCDmp_Demo.a(CyFlash.o)
 .debug_aranges
                0x000004b0       0x68 .\CortexM3\ARM_GCC_441\Debug\CharLCDmp_Demo.a(CySpc.o)

.debug_pubnames
                0x00000000      0xa21
 *(.debug_pubnames)
 .debug_pubnames
                0x00000000       0x1b .\CortexM3\ARM_GCC_441\Debug\main.o
 .debug_pubnames
                0x0000001b       0x57 .\CortexM3\ARM_GCC_441\Debug\Cm3Start.o
 .debug_pubnames
                0x00000072       0x57 .\CortexM3\ARM_GCC_441\Debug\CharLCDmp_Demo.a(LCD_BarGraph.o)
 .debug_pubnames
                0x000000c9      0x112 .\CortexM3\ARM_GCC_441\Debug\CharLCDmp_Demo.a(LCD.o)
 .debug_pubnames
                0x000001db      0x57a .\CortexM3\ARM_GCC_441\Debug\CharLCDmp_Demo.a(CyLib.o)
 .debug_pubnames
                0x00000755       0xbb .\CortexM3\ARM_GCC_441\Debug\CharLCDmp_Demo.a(cyPm.o)
 .debug_pubnames
                0x00000810       0x3d .\CortexM3\ARM_GCC_441\Debug\CharLCDmp_Demo.a(cyfitter_cfg.o)
 .debug_pubnames
                0x0000084d      0x104 .\CortexM3\ARM_GCC_441\Debug\CharLCDmp_Demo.a(CyFlash.o)
 .debug_pubnames
                0x00000951       0xd0 .\CortexM3\ARM_GCC_441\Debug\CharLCDmp_Demo.a(CySpc.o)

.debug_info     0x00000000     0x246d
 *(.debug_info .gnu.linkonce.wi.*)
 .debug_info    0x00000000       0xe6 .\CortexM3\ARM_GCC_441\Debug\main.o
 .debug_info    0x000000e6      0x13e .\CortexM3\ARM_GCC_441\Debug\Cm3Start.o
 .debug_info    0x00000224      0x177 .\CortexM3\ARM_GCC_441\Debug\CharLCDmp_Demo.a(LCD_BarGraph.o)
 .debug_info    0x0000039b      0x3bd .\CortexM3\ARM_GCC_441\Debug\CharLCDmp_Demo.a(LCD.o)
 .debug_info    0x00000758      0xc71 .\CortexM3\ARM_GCC_441\Debug\CharLCDmp_Demo.a(CyLib.o)
 .debug_info    0x000013c9      0x5ac .\CortexM3\ARM_GCC_441\Debug\CharLCDmp_Demo.a(cyPm.o)
 .debug_info    0x00001975      0x36c .\CortexM3\ARM_GCC_441\Debug\CharLCDmp_Demo.a(cyfitter_cfg.o)
 .debug_info    0x00001ce1       0xb9 .\CortexM3\ARM_GCC_441\Debug\CharLCDmp_Demo.a(CyBootAsmGnu.o)
 .debug_info    0x00001d9a      0x334 .\CortexM3\ARM_GCC_441\Debug\CharLCDmp_Demo.a(CyFlash.o)
 .debug_info    0x000020ce      0x39f .\CortexM3\ARM_GCC_441\Debug\CharLCDmp_Demo.a(CySpc.o)

.debug_abbrev   0x00000000      0x9e1
 *(.debug_abbrev)
 .debug_abbrev  0x00000000       0x7e .\CortexM3\ARM_GCC_441\Debug\main.o
 .debug_abbrev  0x0000007e       0xd6 .\CortexM3\ARM_GCC_441\Debug\Cm3Start.o
 .debug_abbrev  0x00000154       0xb9 .\CortexM3\ARM_GCC_441\Debug\CharLCDmp_Demo.a(LCD_BarGraph.o)
 .debug_abbrev  0x0000020d      0x13e .\CortexM3\ARM_GCC_441\Debug\CharLCDmp_Demo.a(LCD.o)
 .debug_abbrev  0x0000034b      0x182 .\CortexM3\ARM_GCC_441\Debug\CharLCDmp_Demo.a(CyLib.o)
 .debug_abbrev  0x000004cd      0x14d .\CortexM3\ARM_GCC_441\Debug\CharLCDmp_Demo.a(cyPm.o)
 .debug_abbrev  0x0000061a      0x15b .\CortexM3\ARM_GCC_441\Debug\CharLCDmp_Demo.a(cyfitter_cfg.o)
 .debug_abbrev  0x00000775       0x14 .\CortexM3\ARM_GCC_441\Debug\CharLCDmp_Demo.a(CyBootAsmGnu.o)
 .debug_abbrev  0x00000789      0x14a .\CortexM3\ARM_GCC_441\Debug\CharLCDmp_Demo.a(CyFlash.o)
 .debug_abbrev  0x000008d3      0x10e .\CortexM3\ARM_GCC_441\Debug\CharLCDmp_Demo.a(CySpc.o)

.debug_line     0x00000000     0x128c
 *(.debug_line)
 .debug_line    0x00000000       0x83 .\CortexM3\ARM_GCC_441\Debug\main.o
 .debug_line    0x00000083       0xb4 .\CortexM3\ARM_GCC_441\Debug\Cm3Start.o
 .debug_line    0x00000137       0xa6 .\CortexM3\ARM_GCC_441\Debug\CharLCDmp_Demo.a(LCD_BarGraph.o)
 .debug_line    0x000001dd      0x1c6 .\CortexM3\ARM_GCC_441\Debug\CharLCDmp_Demo.a(LCD.o)
 .debug_line    0x000003a3      0x659 .\CortexM3\ARM_GCC_441\Debug\CharLCDmp_Demo.a(CyLib.o)
 .debug_line    0x000009fc      0x346 .\CortexM3\ARM_GCC_441\Debug\CharLCDmp_Demo.a(cyPm.o)
 .debug_line    0x00000d42      0x1c2 .\CortexM3\ARM_GCC_441\Debug\CharLCDmp_Demo.a(cyfitter_cfg.o)
 .debug_line    0x00000f04       0x67 .\CortexM3\ARM_GCC_441\Debug\CharLCDmp_Demo.a(CyBootAsmGnu.o)
 .debug_line    0x00000f6b      0x194 .\CortexM3\ARM_GCC_441\Debug\CharLCDmp_Demo.a(CyFlash.o)
 .debug_line    0x000010ff      0x18d .\CortexM3\ARM_GCC_441\Debug\CharLCDmp_Demo.a(CySpc.o)

.debug_frame    0x00000000     0x10b8
 *(.debug_frame)
 .debug_frame   0x00000000       0x30 .\CortexM3\ARM_GCC_441\Debug\main.o
 .debug_frame   0x00000030       0x5c .\CortexM3\ARM_GCC_441\Debug\Cm3Start.o
 .debug_frame   0x0000008c       0x50 .\CortexM3\ARM_GCC_441\Debug\CharLCDmp_Demo.a(LCD_BarGraph.o)
 .debug_frame   0x000000dc      0x1dc .\CortexM3\ARM_GCC_441\Debug\CharLCDmp_Demo.a(LCD.o)
 .debug_frame   0x000002b8      0x778 .\CortexM3\ARM_GCC_441\Debug\CharLCDmp_Demo.a(CyLib.o)
 .debug_frame   0x00000a30      0x208 .\CortexM3\ARM_GCC_441\Debug\CharLCDmp_Demo.a(cyPm.o)
 .debug_frame   0x00000c38      0x104 .\CortexM3\ARM_GCC_441\Debug\CharLCDmp_Demo.a(cyfitter_cfg.o)
 .debug_frame   0x00000d3c      0x178 .\CortexM3\ARM_GCC_441\Debug\CharLCDmp_Demo.a(CyFlash.o)
 .debug_frame   0x00000eb4      0x13c .\CortexM3\ARM_GCC_441\Debug\CharLCDmp_Demo.a(CySpc.o)
 .debug_frame   0x00000ff0       0x34 c:/program files (x86)/cypress/psoc creator/2.2/psoc creator/import/gnu_cs/arm/4.4.1/bin/../lib/gcc/arm-none-eabi/4.4.1/../../../../arm-none-eabi/lib/thumb2\libc.a(lib_a-memcpy.o)
 .debug_frame   0x00001024       0x28 c:/program files (x86)/cypress/psoc creator/2.2/psoc creator/import/gnu_cs/arm/4.4.1/bin/../lib/gcc/arm-none-eabi/4.4.1/../../../../arm-none-eabi/lib/thumb2\libc.a(lib_a-memset.o)
 .debug_frame   0x0000104c       0x40 c:/program files (x86)/cypress/psoc creator/2.2/psoc creator/import/gnu_cs/arm/4.4.1/bin/../lib/gcc/arm-none-eabi/4.4.1/../../../../arm-none-eabi/lib/thumb2\libcs3.a(start_c.o)
 .debug_frame   0x0000108c       0x2c c:/program files (x86)/cypress/psoc creator/2.2/psoc creator/import/gnu_cs/arm/4.4.1/bin/../lib/gcc/arm-none-eabi/4.4.1/../../../../arm-none-eabi/lib/thumb2\libc.a(lib_a-init.o)

.debug_str      0x00000000     0x10af
 *(.debug_str)
 .debug_str     0x00000000      0x102 .\CortexM3\ARM_GCC_441\Debug\main.o
                                0x140 (size before relaxing)
 .debug_str     0x00000102       0x8c .\CortexM3\ARM_GCC_441\Debug\Cm3Start.o
                                0x1a2 (size before relaxing)
 .debug_str     0x0000018e       0xb0 .\CortexM3\ARM_GCC_441\Debug\CharLCDmp_Demo.a(LCD_BarGraph.o)
                                0x1c0 (size before relaxing)
 .debug_str     0x0000023e      0x15f .\CortexM3\ARM_GCC_441\Debug\CharLCDmp_Demo.a(LCD.o)
                                0x294 (size before relaxing)
 .debug_str     0x0000039d      0x641 .\CortexM3\ARM_GCC_441\Debug\CharLCDmp_Demo.a(CyLib.o)
                                0x798 (size before relaxing)
 .debug_str     0x000009de      0x372 .\CortexM3\ARM_GCC_441\Debug\CharLCDmp_Demo.a(cyPm.o)
                                0x4ad (size before relaxing)
 .debug_str     0x00000d50      0x131 .\CortexM3\ARM_GCC_441\Debug\CharLCDmp_Demo.a(cyfitter_cfg.o)
                                0x26b (size before relaxing)
 .debug_str     0x00000e81      0x130 .\CortexM3\ARM_GCC_441\Debug\CharLCDmp_Demo.a(CyFlash.o)
                                0x279 (size before relaxing)
 .debug_str     0x00000fb1       0xfe .\CortexM3\ARM_GCC_441\Debug\CharLCDmp_Demo.a(CySpc.o)
                                0x248 (size before relaxing)

.debug_loc      0x00000000     0x19fd
 *(.debug_loc)
 .debug_loc     0x00000000       0x37 .\CortexM3\ARM_GCC_441\Debug\main.o
 .debug_loc     0x00000037       0x62 .\CortexM3\ARM_GCC_441\Debug\Cm3Start.o
 .debug_loc     0x00000099       0x6e .\CortexM3\ARM_GCC_441\Debug\CharLCDmp_Demo.a(LCD_BarGraph.o)
 .debug_loc     0x00000107      0x2fd .\CortexM3\ARM_GCC_441\Debug\CharLCDmp_Demo.a(LCD.o)
 .debug_loc     0x00000404      0xca0 .\CortexM3\ARM_GCC_441\Debug\CharLCDmp_Demo.a(CyLib.o)
 .debug_loc     0x000010a4      0x32f .\CortexM3\ARM_GCC_441\Debug\CharLCDmp_Demo.a(cyPm.o)
 .debug_loc     0x000013d3      0x1b8 .\CortexM3\ARM_GCC_441\Debug\CharLCDmp_Demo.a(cyfitter_cfg.o)
 .debug_loc     0x0000158b      0x24c .\CortexM3\ARM_GCC_441\Debug\CharLCDmp_Demo.a(CyFlash.o)
 .debug_loc     0x000017d7      0x226 .\CortexM3\ARM_GCC_441\Debug\CharLCDmp_Demo.a(CySpc.o)

.debug_macinfo
 *(.debug_macinfo)

.debug_ranges   0x00000000      0x4b0
 *(.debug_ranges)
 .debug_ranges  0x00000000       0x18 .\CortexM3\ARM_GCC_441\Debug\main.o
 .debug_ranges  0x00000018       0x28 .\CortexM3\ARM_GCC_441\Debug\Cm3Start.o
 .debug_ranges  0x00000040       0x20 .\CortexM3\ARM_GCC_441\Debug\CharLCDmp_Demo.a(LCD_BarGraph.o)
 .debug_ranges  0x00000060       0x88 .\CortexM3\ARM_GCC_441\Debug\CharLCDmp_Demo.a(LCD.o)
 .debug_ranges  0x000000e8      0x210 .\CortexM3\ARM_GCC_441\Debug\CharLCDmp_Demo.a(CyLib.o)
 .debug_ranges  0x000002f8       0x98 .\CortexM3\ARM_GCC_441\Debug\CharLCDmp_Demo.a(cyPm.o)
 .debug_ranges  0x00000390       0x50 .\CortexM3\ARM_GCC_441\Debug\CharLCDmp_Demo.a(cyfitter_cfg.o)
 .debug_ranges  0x000003e0       0x70 .\CortexM3\ARM_GCC_441\Debug\CharLCDmp_Demo.a(CyFlash.o)
 .debug_ranges  0x00000450       0x60 .\CortexM3\ARM_GCC_441\Debug\CharLCDmp_Demo.a(CySpc.o)

.debug_weaknames
 *(.debug_weaknames)

.debug_funcnames
 *(.debug_funcnames)

.debug_typenames
 *(.debug_typenames)

.debug_varnames
 *(.debug_varnames)

.note.gnu.arm.ident
 *(.note.gnu.arm.ident)

.ARM.attributes
                0x00000000       0x25
 *(.ARM.attributes)
 .ARM.attributes
                0x00000000       0x19 c:/program files (x86)/cypress/psoc creator/2.2/psoc creator/import/gnu_cs/arm/4.4.1/bin/../lib/gcc/arm-none-eabi/4.4.1/thumb2/crti.o
 .ARM.attributes
                0x00000019       0x29 c:/program files (x86)/cypress/psoc creator/2.2/psoc creator/import/gnu_cs/arm/4.4.1/bin/../lib/gcc/arm-none-eabi/4.4.1/thumb2/crtbegin.o
 .ARM.attributes
                0x00000042       0x31 .\CortexM3\ARM_GCC_441\Debug\main.o
 .ARM.attributes
                0x00000073       0x31 .\CortexM3\ARM_GCC_441\Debug\Cm3Start.o
 .ARM.attributes
                0x000000a4       0x31 .\CortexM3\ARM_GCC_441\Debug\CharLCDmp_Demo.a(LCD_BarGraph.o)
 .ARM.attributes
                0x000000d5       0x31 .\CortexM3\ARM_GCC_441\Debug\CharLCDmp_Demo.a(LCD.o)
 .ARM.attributes
                0x00000106       0x31 .\CortexM3\ARM_GCC_441\Debug\CharLCDmp_Demo.a(CyLib.o)
 .ARM.attributes
                0x00000137       0x31 .\CortexM3\ARM_GCC_441\Debug\CharLCDmp_Demo.a(cyPm.o)
 .ARM.attributes
                0x00000168       0x31 .\CortexM3\ARM_GCC_441\Debug\CharLCDmp_Demo.a(cyfitter_cfg.o)
 .ARM.attributes
                0x00000199       0x21 .\CortexM3\ARM_GCC_441\Debug\CharLCDmp_Demo.a(CyBootAsmGnu.o)
 .ARM.attributes
                0x000001ba       0x31 .\CortexM3\ARM_GCC_441\Debug\CharLCDmp_Demo.a(CyFlash.o)
 .ARM.attributes
                0x000001eb       0x31 .\CortexM3\ARM_GCC_441\Debug\CharLCDmp_Demo.a(CySpc.o)
 .ARM.attributes
                0x0000021c       0x29 c:/program files (x86)/cypress/psoc creator/2.2/psoc creator/import/gnu_cs/arm/4.4.1/bin/../lib/gcc/arm-none-eabi/4.4.1/../../../../arm-none-eabi/lib/thumb2\libc.a(lib_a-memcpy.o)
 .ARM.attributes
                0x00000245       0x29 c:/program files (x86)/cypress/psoc creator/2.2/psoc creator/import/gnu_cs/arm/4.4.1/bin/../lib/gcc/arm-none-eabi/4.4.1/../../../../arm-none-eabi/lib/thumb2\libc.a(lib_a-memset.o)
 .ARM.attributes
                0x0000026e       0x29 c:/program files (x86)/cypress/psoc creator/2.2/psoc creator/import/gnu_cs/arm/4.4.1/bin/../lib/gcc/arm-none-eabi/4.4.1/thumb2/crtend.o
 .ARM.attributes
                0x00000297       0x19 c:/program files (x86)/cypress/psoc creator/2.2/psoc creator/import/gnu_cs/arm/4.4.1/bin/../lib/gcc/arm-none-eabi/4.4.1/thumb2/crtn.o
 .ARM.attributes
                0x000002b0       0x29 c:/program files (x86)/cypress/psoc creator/2.2/psoc creator/import/gnu_cs/arm/4.4.1/bin/../lib/gcc/arm-none-eabi/4.4.1/../../../../arm-none-eabi/lib/thumb2\libcs3.a(start_c.o)
 .ARM.attributes
                0x000002d9       0x19 c:/program files (x86)/cypress/psoc creator/2.2/psoc creator/import/gnu_cs/arm/4.4.1/bin/../lib/gcc/arm-none-eabi/4.4.1/../../../../arm-none-eabi/lib/thumb2\libcs3micro.a(micro-vector.o)
 .ARM.attributes
                0x000002f2       0x19 c:/program files (x86)/cypress/psoc creator/2.2/psoc creator/import/gnu_cs/arm/4.4.1/bin/../lib/gcc/arm-none-eabi/4.4.1/../../../../arm-none-eabi/lib/thumb2\libcs3micro.a(micro_isr_interrupt.o)
 .ARM.attributes
                0x0000030b       0x29 c:/program files (x86)/cypress/psoc creator/2.2/psoc creator/import/gnu_cs/arm/4.4.1/bin/../lib/gcc/arm-none-eabi/4.4.1/../../../../arm-none-eabi/lib/thumb2\libc.a(lib_a-init.o)

/DISCARD/
 *(.note.GNU-stack)
OUTPUT(.\CortexM3\ARM_GCC_441\Debug\CharLCDmp_Demo.elf elf32-littlearm)
