Archive member included to satisfy reference by file (symbol)

.\CortexM3\ARM_GCC_541\Debug\Teclado_Matricial_1.a(LCD.o)
                              .\CortexM3\ARM_GCC_541\Debug\main.o (LCD_PrintString)
.\CortexM3\ARM_GCC_541\Debug\Teclado_Matricial_1.a(CyLib.o)
                              .\CortexM3\ARM_GCC_541\Debug\Cm3Start.o (CyHalt)
.\CortexM3\ARM_GCC_541\Debug\Teclado_Matricial_1.a(cyPm.o)
                              .\CortexM3\ARM_GCC_541\Debug\Teclado_Matricial_1.a(CyLib.o) (CyPmReadStatus)
.\CortexM3\ARM_GCC_541\Debug\Teclado_Matricial_1.a(Data_A_LSB.o)
                              .\CortexM3\ARM_GCC_541\Debug\main.o (Data_A_LSB_Read)
.\CortexM3\ARM_GCC_541\Debug\Teclado_Matricial_1.a(Data_B.o)
                              .\CortexM3\ARM_GCC_541\Debug\main.o (Data_B_Read)
.\CortexM3\ARM_GCC_541\Debug\Teclado_Matricial_1.a(Data_C.o)
                              .\CortexM3\ARM_GCC_541\Debug\main.o (Data_C_Read)
.\CortexM3\ARM_GCC_541\Debug\Teclado_Matricial_1.a(Data_D_MSB.o)
                              .\CortexM3\ARM_GCC_541\Debug\main.o (Data_D_MSB_Read)
.\CortexM3\ARM_GCC_541\Debug\Teclado_Matricial_1.a(Pulisr.o)
                              .\CortexM3\ARM_GCC_541\Debug\main.o (Pulisr_StartEx)
.\CortexM3\ARM_GCC_541\Debug\Teclado_Matricial_1.a(timer_clock.o)
                              .\CortexM3\ARM_GCC_541\Debug\main.o (timer_clock_Start)
.\CortexM3\ARM_GCC_541\Debug\Teclado_Matricial_1.a(Timer.o)
                              .\CortexM3\ARM_GCC_541\Debug\main.o (Timer_Start)
.\CortexM3\ARM_GCC_541\Debug\Teclado_Matricial_1.a(isrtiempo.o)
                              .\CortexM3\ARM_GCC_541\Debug\main.o (isrtiempo_StartEx)
.\CortexM3\ARM_GCC_541\Debug\Teclado_Matricial_1.a(CyBootAsmGnu.o)
                              .\CortexM3\ARM_GCC_541\Debug\cyfitter_cfg.o (CyDelayCycles)
.\CortexM3\ARM_GCC_541\Debug\Teclado_Matricial_1.a(CyFlash.o)
                              .\CortexM3\ARM_GCC_541\Debug\Teclado_Matricial_1.a(cyPm.o) (CyFlash_SetWaitCycles)
.\CortexM3\ARM_GCC_541\Debug\Teclado_Matricial_1.a(CySpc.o)
                              .\CortexM3\ARM_GCC_541\Debug\Teclado_Matricial_1.a(CyFlash.o) (CySpcStart)
c:/program files (x86)/cypress/psoc creator/4.2/psoc creator/import/gnu/arm/5.4.1/bin/../lib/gcc/arm-none-eabi/5.4.1/../../../../arm-none-eabi/lib/armv7-m\libg_nano.a(lib_a-atoi.o)
                              .\CortexM3\ARM_GCC_541\Debug\main.o (atoi)
c:/program files (x86)/cypress/psoc creator/4.2/psoc creator/import/gnu/arm/5.4.1/bin/../lib/gcc/arm-none-eabi/5.4.1/../../../../arm-none-eabi/lib/armv7-m\libg_nano.a(lib_a-errno.o)
                              .\CortexM3\ARM_GCC_541\Debug\Cm3Start.o (__errno)
c:/program files (x86)/cypress/psoc creator/4.2/psoc creator/import/gnu/arm/5.4.1/bin/../lib/gcc/arm-none-eabi/5.4.1/../../../../arm-none-eabi/lib/armv7-m\libg_nano.a(lib_a-exit.o)
                              c:/program files (x86)/cypress/psoc creator/4.2/psoc creator/import/gnu/arm/5.4.1/bin/../lib/gcc/arm-none-eabi/5.4.1/../../../../arm-none-eabi/lib/armv7-m/crt0.o (exit)
c:/program files (x86)/cypress/psoc creator/4.2/psoc creator/import/gnu/arm/5.4.1/bin/../lib/gcc/arm-none-eabi/5.4.1/../../../../arm-none-eabi/lib/armv7-m\libg_nano.a(lib_a-impure.o)
                              c:/program files (x86)/cypress/psoc creator/4.2/psoc creator/import/gnu/arm/5.4.1/bin/../lib/gcc/arm-none-eabi/5.4.1/../../../../arm-none-eabi/lib/armv7-m\libg_nano.a(lib_a-exit.o) (_global_impure_ptr)
c:/program files (x86)/cypress/psoc creator/4.2/psoc creator/import/gnu/arm/5.4.1/bin/../lib/gcc/arm-none-eabi/5.4.1/../../../../arm-none-eabi/lib/armv7-m\libg_nano.a(lib_a-init.o)
                              c:/program files (x86)/cypress/psoc creator/4.2/psoc creator/import/gnu/arm/5.4.1/bin/../lib/gcc/arm-none-eabi/5.4.1/../../../../arm-none-eabi/lib/armv7-m/crt0.o (__libc_init_array)
c:/program files (x86)/cypress/psoc creator/4.2/psoc creator/import/gnu/arm/5.4.1/bin/../lib/gcc/arm-none-eabi/5.4.1/../../../../arm-none-eabi/lib/armv7-m\libg_nano.a(lib_a-memcpy-stub.o)
                              .\CortexM3\ARM_GCC_541\Debug\cyfitter_cfg.o (memcpy)
c:/program files (x86)/cypress/psoc creator/4.2/psoc creator/import/gnu/arm/5.4.1/bin/../lib/gcc/arm-none-eabi/5.4.1/../../../../arm-none-eabi/lib/armv7-m\libg_nano.a(lib_a-memset.o)
                              c:/program files (x86)/cypress/psoc creator/4.2/psoc creator/import/gnu/arm/5.4.1/bin/../lib/gcc/arm-none-eabi/5.4.1/../../../../arm-none-eabi/lib/armv7-m/crt0.o (memset)
c:/program files (x86)/cypress/psoc creator/4.2/psoc creator/import/gnu/arm/5.4.1/bin/../lib/gcc/arm-none-eabi/5.4.1/../../../../arm-none-eabi/lib/armv7-m\libg_nano.a(lib_a-strtol.o)
                              c:/program files (x86)/cypress/psoc creator/4.2/psoc creator/import/gnu/arm/5.4.1/bin/../lib/gcc/arm-none-eabi/5.4.1/../../../../arm-none-eabi/lib/armv7-m\libg_nano.a(lib_a-atoi.o) (_strtol_r)
c:/program files (x86)/cypress/psoc creator/4.2/psoc creator/import/gnu/arm/5.4.1/bin/../lib/gcc/arm-none-eabi/5.4.1/../../../../arm-none-eabi/lib/armv7-m\libg_nano.a(lib_a-ctype_.o)
                              c:/program files (x86)/cypress/psoc creator/4.2/psoc creator/import/gnu/arm/5.4.1/bin/../lib/gcc/arm-none-eabi/5.4.1/../../../../arm-none-eabi/lib/armv7-m\libg_nano.a(lib_a-strtol.o) (__ctype_ptr__)

Allocating common symbols
Common symbol       size              file

data_B              0x4               .\CortexM3\ARM_GCC_541\Debug\main.o
data_A_LSB          0x4               .\CortexM3\ARM_GCC_541\Debug\main.o
data_D_MSB          0x4               .\CortexM3\ARM_GCC_541\Debug\main.o
dieTemperature      0x2               .\CortexM3\ARM_GCC_541\Debug\Teclado_Matricial_1.a(CyFlash.o)
data_C              0x4               .\CortexM3\ARM_GCC_541\Debug\main.o

Discarded input sections

 .text          0x00000000        0x0 c:/program files (x86)/cypress/psoc creator/4.2/psoc creator/import/gnu/arm/5.4.1/bin/../lib/gcc/arm-none-eabi/5.4.1/armv7-m/crti.o
 .data          0x00000000        0x0 c:/program files (x86)/cypress/psoc creator/4.2/psoc creator/import/gnu/arm/5.4.1/bin/../lib/gcc/arm-none-eabi/5.4.1/armv7-m/crti.o
 .bss           0x00000000        0x0 c:/program files (x86)/cypress/psoc creator/4.2/psoc creator/import/gnu/arm/5.4.1/bin/../lib/gcc/arm-none-eabi/5.4.1/armv7-m/crti.o
 .data          0x00000000        0x4 c:/program files (x86)/cypress/psoc creator/4.2/psoc creator/import/gnu/arm/5.4.1/bin/../lib/gcc/arm-none-eabi/5.4.1/armv7-m/crtbegin.o
 .text          0x00000000       0x74 c:/program files (x86)/cypress/psoc creator/4.2/psoc creator/import/gnu/arm/5.4.1/bin/../lib/gcc/arm-none-eabi/5.4.1/../../../../arm-none-eabi/lib/armv7-m/crt0.o
 .data          0x00000000        0x0 c:/program files (x86)/cypress/psoc creator/4.2/psoc creator/import/gnu/arm/5.4.1/bin/../lib/gcc/arm-none-eabi/5.4.1/../../../../arm-none-eabi/lib/armv7-m/crt0.o
 .bss           0x00000000        0x0 c:/program files (x86)/cypress/psoc creator/4.2/psoc creator/import/gnu/arm/5.4.1/bin/../lib/gcc/arm-none-eabi/5.4.1/../../../../arm-none-eabi/lib/armv7-m/crt0.o
 .ARM.extab     0x00000000        0x0 c:/program files (x86)/cypress/psoc creator/4.2/psoc creator/import/gnu/arm/5.4.1/bin/../lib/gcc/arm-none-eabi/5.4.1/../../../../arm-none-eabi/lib/armv7-m/crt0.o
 .ARM.exidx     0x00000000        0x8 c:/program files (x86)/cypress/psoc creator/4.2/psoc creator/import/gnu/arm/5.4.1/bin/../lib/gcc/arm-none-eabi/5.4.1/../../../../arm-none-eabi/lib/armv7-m/crt0.o
 .text          0x00000000        0x0 .\CortexM3\ARM_GCC_541\Debug\main.o
 .text          0x00000000        0x0 .\CortexM3\ARM_GCC_541\Debug\cyfitter_cfg.o
 .data          0x00000000        0x0 .\CortexM3\ARM_GCC_541\Debug\cyfitter_cfg.o
 .bss           0x00000000        0x0 .\CortexM3\ARM_GCC_541\Debug\cyfitter_cfg.o
 .text.SetAnalogRoutingPumps
                0x00000000       0x10 .\CortexM3\ARM_GCC_541\Debug\cyfitter_cfg.o
 .text          0x00000000        0x0 .\CortexM3\ARM_GCC_541\Debug\cymetadata.o
 .data          0x00000000        0x0 .\CortexM3\ARM_GCC_541\Debug\cymetadata.o
 .bss           0x00000000        0x0 .\CortexM3\ARM_GCC_541\Debug\cymetadata.o
 .text          0x00000000        0x0 .\CortexM3\ARM_GCC_541\Debug\Cm3Start.o
 .data          0x00000000        0x4 .\CortexM3\ARM_GCC_541\Debug\Cm3Start.o
 .bss           0x00000000        0x0 .\CortexM3\ARM_GCC_541\Debug\Cm3Start.o
 .text._exit    0x00000000        0xc .\CortexM3\ARM_GCC_541\Debug\Cm3Start.o
 .text._sbrk    0x00000000       0x30 .\CortexM3\ARM_GCC_541\Debug\Cm3Start.o
 .text          0x00000000        0x0 .\CortexM3\ARM_GCC_541\Debug\Teclado_Matricial_1.a(LCD.o)
 .data          0x00000000        0x0 .\CortexM3\ARM_GCC_541\Debug\Teclado_Matricial_1.a(LCD.o)
 .text.LCD_PutChar
                0x00000000        0x8 .\CortexM3\ARM_GCC_541\Debug\Teclado_Matricial_1.a(LCD.o)
 .text.LCD_Stop
                0x00000000       0x14 .\CortexM3\ARM_GCC_541\Debug\Teclado_Matricial_1.a(LCD.o)
 .text.LCD_PrintInt8
                0x00000000       0x20 .\CortexM3\ARM_GCC_541\Debug\Teclado_Matricial_1.a(LCD.o)
 .text.LCD_PrintInt16
                0x00000000       0x14 .\CortexM3\ARM_GCC_541\Debug\Teclado_Matricial_1.a(LCD.o)
 .text.LCD_PrintInt32
                0x00000000       0x1c .\CortexM3\ARM_GCC_541\Debug\Teclado_Matricial_1.a(LCD.o)
 .rodata        0x00000000       0x10 .\CortexM3\ARM_GCC_541\Debug\Teclado_Matricial_1.a(LCD.o)
 .text          0x00000000        0x0 .\CortexM3\ARM_GCC_541\Debug\Teclado_Matricial_1.a(CyLib.o)
 .bss           0x00000000       0x1c .\CortexM3\ARM_GCC_541\Debug\Teclado_Matricial_1.a(CyLib.o)
 .text.CyUSB_PowerOnCheck
                0x00000000       0x48 .\CortexM3\ARM_GCC_541\Debug\Teclado_Matricial_1.a(CyLib.o)
 .text.CyBusClk_Internal_SetDivider
                0x00000000       0x48 .\CortexM3\ARM_GCC_541\Debug\Teclado_Matricial_1.a(CyLib.o)
 .text.CyPLL_OUT_Stop
                0x00000000       0x10 .\CortexM3\ARM_GCC_541\Debug\Teclado_Matricial_1.a(CyLib.o)
 .text.CyIMO_Stop
                0x00000000       0x1c .\CortexM3\ARM_GCC_541\Debug\Teclado_Matricial_1.a(CyLib.o)
 .text.CyIMO_EnableDoubler
                0x00000000       0x10 .\CortexM3\ARM_GCC_541\Debug\Teclado_Matricial_1.a(CyLib.o)
 .text.CyIMO_DisableDoubler
                0x00000000       0x10 .\CortexM3\ARM_GCC_541\Debug\Teclado_Matricial_1.a(CyLib.o)
 .text.CyMasterClk_SetSource
                0x00000000       0x18 .\CortexM3\ARM_GCC_541\Debug\Teclado_Matricial_1.a(CyLib.o)
 .text.CyMasterClk_SetDivider
                0x00000000        0xc .\CortexM3\ARM_GCC_541\Debug\Teclado_Matricial_1.a(CyLib.o)
 .text.CyBusClk_SetDivider
                0x00000000       0x70 .\CortexM3\ARM_GCC_541\Debug\Teclado_Matricial_1.a(CyLib.o)
 .text.CyUsbClk_SetSource
                0x00000000       0x18 .\CortexM3\ARM_GCC_541\Debug\Teclado_Matricial_1.a(CyLib.o)
 .text.CyILO_Start1K
                0x00000000       0x10 .\CortexM3\ARM_GCC_541\Debug\Teclado_Matricial_1.a(CyLib.o)
 .text.CyILO_Stop1K
                0x00000000       0x10 .\CortexM3\ARM_GCC_541\Debug\Teclado_Matricial_1.a(CyLib.o)
 .text.CyILO_Start100K
                0x00000000       0x10 .\CortexM3\ARM_GCC_541\Debug\Teclado_Matricial_1.a(CyLib.o)
 .text.CyILO_Stop100K
                0x00000000       0x10 .\CortexM3\ARM_GCC_541\Debug\Teclado_Matricial_1.a(CyLib.o)
 .text.CyPLL_OUT_Start
                0x00000000       0x78 .\CortexM3\ARM_GCC_541\Debug\Teclado_Matricial_1.a(CyLib.o)
 .text.CyIMO_Start
                0x00000000       0x60 .\CortexM3\ARM_GCC_541\Debug\Teclado_Matricial_1.a(CyLib.o)
 .text.CyILO_Enable33K
                0x00000000       0x10 .\CortexM3\ARM_GCC_541\Debug\Teclado_Matricial_1.a(CyLib.o)
 .text.CyILO_Disable33K
                0x00000000       0x10 .\CortexM3\ARM_GCC_541\Debug\Teclado_Matricial_1.a(CyLib.o)
 .text.CyILO_SetSource
                0x00000000       0x18 .\CortexM3\ARM_GCC_541\Debug\Teclado_Matricial_1.a(CyLib.o)
 .text.CyILO_SetPowerMode
                0x00000000       0x24 .\CortexM3\ARM_GCC_541\Debug\Teclado_Matricial_1.a(CyLib.o)
 .text.CyXTAL_32KHZ_Stop
                0x00000000       0x30 .\CortexM3\ARM_GCC_541\Debug\Teclado_Matricial_1.a(CyLib.o)
 .text.CyXTAL_32KHZ_ReadStatus
                0x00000000       0x10 .\CortexM3\ARM_GCC_541\Debug\Teclado_Matricial_1.a(CyLib.o)
 .text.CyXTAL_Start
                0x00000000       0xac .\CortexM3\ARM_GCC_541\Debug\Teclado_Matricial_1.a(CyLib.o)
 .text.CyXTAL_Stop
                0x00000000       0x10 .\CortexM3\ARM_GCC_541\Debug\Teclado_Matricial_1.a(CyLib.o)
 .text.CyXTAL_EnableErrStatus
                0x00000000       0x10 .\CortexM3\ARM_GCC_541\Debug\Teclado_Matricial_1.a(CyLib.o)
 .text.CyXTAL_DisableErrStatus
                0x00000000       0x10 .\CortexM3\ARM_GCC_541\Debug\Teclado_Matricial_1.a(CyLib.o)
 .text.CyXTAL_ReadStatus
                0x00000000       0x18 .\CortexM3\ARM_GCC_541\Debug\Teclado_Matricial_1.a(CyLib.o)
 .text.CyXTAL_EnableFaultRecovery
                0x00000000       0x10 .\CortexM3\ARM_GCC_541\Debug\Teclado_Matricial_1.a(CyLib.o)
 .text.CyXTAL_DisableFaultRecovery
                0x00000000       0x10 .\CortexM3\ARM_GCC_541\Debug\Teclado_Matricial_1.a(CyLib.o)
 .text.CyXTAL_SetStartup
                0x00000000       0x18 .\CortexM3\ARM_GCC_541\Debug\Teclado_Matricial_1.a(CyLib.o)
 .text.CyXTAL_SetFbVoltage
                0x00000000       0x18 .\CortexM3\ARM_GCC_541\Debug\Teclado_Matricial_1.a(CyLib.o)
 .text.CyXTAL_SetWdVoltage
                0x00000000       0x18 .\CortexM3\ARM_GCC_541\Debug\Teclado_Matricial_1.a(CyLib.o)
 .text.CyHalt   0x00000000        0x4 .\CortexM3\ARM_GCC_541\Debug\Teclado_Matricial_1.a(CyLib.o)
 .text.CyPLL_OUT_SetPQ
                0x00000000       0x60 .\CortexM3\ARM_GCC_541\Debug\Teclado_Matricial_1.a(CyLib.o)
 .text.CyPLL_OUT_SetSource
                0x00000000       0x34 .\CortexM3\ARM_GCC_541\Debug\Teclado_Matricial_1.a(CyLib.o)
 .text.CyIMO_SetTrimValue
                0x00000000       0xcc .\CortexM3\ARM_GCC_541\Debug\Teclado_Matricial_1.a(CyLib.o)
 .text.CyIMO_SetFreq
                0x00000000       0xf4 .\CortexM3\ARM_GCC_541\Debug\Teclado_Matricial_1.a(CyLib.o)
 .text.CyIMO_SetSource
                0x00000000       0x58 .\CortexM3\ARM_GCC_541\Debug\Teclado_Matricial_1.a(CyLib.o)
 .text.CySoftwareReset
                0x00000000       0x10 .\CortexM3\ARM_GCC_541\Debug\Teclado_Matricial_1.a(CyLib.o)
 .text.CyXTAL_32KHZ_SetPowerMode
                0x00000000       0x84 .\CortexM3\ARM_GCC_541\Debug\Teclado_Matricial_1.a(CyLib.o)
 .text.CyXTAL_32KHZ_Start
                0x00000000       0x74 .\CortexM3\ARM_GCC_541\Debug\Teclado_Matricial_1.a(CyLib.o)
 .text.CyDelayFreq
                0x00000000       0x4c .\CortexM3\ARM_GCC_541\Debug\Teclado_Matricial_1.a(CyLib.o)
 .text.CyWdtStart
                0x00000000       0x40 .\CortexM3\ARM_GCC_541\Debug\Teclado_Matricial_1.a(CyLib.o)
 .text.CyWdtClear
                0x00000000        0xc .\CortexM3\ARM_GCC_541\Debug\Teclado_Matricial_1.a(CyLib.o)
 .text.CyVdStickyStatus
                0x00000000       0x2c .\CortexM3\ARM_GCC_541\Debug\Teclado_Matricial_1.a(CyLib.o)
 .text.CyVdLvDigitEnable
                0x00000000       0x84 .\CortexM3\ARM_GCC_541\Debug\Teclado_Matricial_1.a(CyLib.o)
 .text.CyVdLvAnalogEnable
                0x00000000       0x80 .\CortexM3\ARM_GCC_541\Debug\Teclado_Matricial_1.a(CyLib.o)
 .text.CyVdLvDigitDisable
                0x00000000       0x30 .\CortexM3\ARM_GCC_541\Debug\Teclado_Matricial_1.a(CyLib.o)
 .text.CyVdLvAnalogDisable
                0x00000000       0x28 .\CortexM3\ARM_GCC_541\Debug\Teclado_Matricial_1.a(CyLib.o)
 .text.CyVdHvAnalogEnable
                0x00000000       0x54 .\CortexM3\ARM_GCC_541\Debug\Teclado_Matricial_1.a(CyLib.o)
 .text.CyVdHvAnalogDisable
                0x00000000       0x20 .\CortexM3\ARM_GCC_541\Debug\Teclado_Matricial_1.a(CyLib.o)
 .text.CyVdRealTimeStatus
                0x00000000       0x1c .\CortexM3\ARM_GCC_541\Debug\Teclado_Matricial_1.a(CyLib.o)
 .text.CyDisableInts
                0x00000000       0x1c .\CortexM3\ARM_GCC_541\Debug\Teclado_Matricial_1.a(CyLib.o)
 .text.CyEnableInts
                0x00000000       0x18 .\CortexM3\ARM_GCC_541\Debug\Teclado_Matricial_1.a(CyLib.o)
 .text.CyFlushCache
                0x00000000       0x44 .\CortexM3\ARM_GCC_541\Debug\Teclado_Matricial_1.a(CyLib.o)
 .text.CyIntSetSysVector
                0x00000000       0x28 .\CortexM3\ARM_GCC_541\Debug\Teclado_Matricial_1.a(CyLib.o)
 .text.CyIntGetSysVector
                0x00000000       0x20 .\CortexM3\ARM_GCC_541\Debug\Teclado_Matricial_1.a(CyLib.o)
 .text.CyIntSetVector
                0x00000000       0x28 .\CortexM3\ARM_GCC_541\Debug\Teclado_Matricial_1.a(CyLib.o)
 .text.CyIntGetVector
                0x00000000       0x24 .\CortexM3\ARM_GCC_541\Debug\Teclado_Matricial_1.a(CyLib.o)
 .text.CyIntSetPriority
                0x00000000       0x30 .\CortexM3\ARM_GCC_541\Debug\Teclado_Matricial_1.a(CyLib.o)
 .text.CyIntGetPriority
                0x00000000       0x20 .\CortexM3\ARM_GCC_541\Debug\Teclado_Matricial_1.a(CyLib.o)
 .text.CyIntGetState
                0x00000000       0x24 .\CortexM3\ARM_GCC_541\Debug\Teclado_Matricial_1.a(CyLib.o)
 .text.CySysTickStop
                0x00000000       0x10 .\CortexM3\ARM_GCC_541\Debug\Teclado_Matricial_1.a(CyLib.o)
 .text.CySysTickEnableInterrupt
                0x00000000       0x10 .\CortexM3\ARM_GCC_541\Debug\Teclado_Matricial_1.a(CyLib.o)
 .text.CySysTickEnable
                0x00000000       0x18 .\CortexM3\ARM_GCC_541\Debug\Teclado_Matricial_1.a(CyLib.o)
 .text.CySysTickDisableInterrupt
                0x00000000       0x10 .\CortexM3\ARM_GCC_541\Debug\Teclado_Matricial_1.a(CyLib.o)
 .text.CySysTickSetReload
                0x00000000       0x10 .\CortexM3\ARM_GCC_541\Debug\Teclado_Matricial_1.a(CyLib.o)
 .text.CySysTickGetReload
                0x00000000       0x10 .\CortexM3\ARM_GCC_541\Debug\Teclado_Matricial_1.a(CyLib.o)
 .text.CySysTickGetValue
                0x00000000       0x10 .\CortexM3\ARM_GCC_541\Debug\Teclado_Matricial_1.a(CyLib.o)
 .text.CySysTickSetClockSource
                0x00000000       0x20 .\CortexM3\ARM_GCC_541\Debug\Teclado_Matricial_1.a(CyLib.o)
 .text.CySysTickGetClockSource
                0x00000000       0x10 .\CortexM3\ARM_GCC_541\Debug\Teclado_Matricial_1.a(CyLib.o)
 .text.CySysTickGetCountFlag
                0x00000000       0x10 .\CortexM3\ARM_GCC_541\Debug\Teclado_Matricial_1.a(CyLib.o)
 .text.CySysTickServiceCallbacks
                0x00000000       0x28 .\CortexM3\ARM_GCC_541\Debug\Teclado_Matricial_1.a(CyLib.o)
 .text.CySysTickClear
                0x00000000        0xc .\CortexM3\ARM_GCC_541\Debug\Teclado_Matricial_1.a(CyLib.o)
 .text.CySysTickInit
                0x00000000       0x58 .\CortexM3\ARM_GCC_541\Debug\Teclado_Matricial_1.a(CyLib.o)
 .text.CySysTickStart
                0x00000000       0x1c .\CortexM3\ARM_GCC_541\Debug\Teclado_Matricial_1.a(CyLib.o)
 .text.CySysTickSetCallback
                0x00000000       0x10 .\CortexM3\ARM_GCC_541\Debug\Teclado_Matricial_1.a(CyLib.o)
 .text.CySysTickGetCallback
                0x00000000       0x10 .\CortexM3\ARM_GCC_541\Debug\Teclado_Matricial_1.a(CyLib.o)
 .text.CyGetUniqueId
                0x00000000       0x70 .\CortexM3\ARM_GCC_541\Debug\Teclado_Matricial_1.a(CyLib.o)
 .text          0x00000000        0x0 .\CortexM3\ARM_GCC_541\Debug\Teclado_Matricial_1.a(cyPm.o)
 .data          0x00000000        0x0 .\CortexM3\ARM_GCC_541\Debug\Teclado_Matricial_1.a(cyPm.o)
 .bss           0x00000000       0x43 .\CortexM3\ARM_GCC_541\Debug\Teclado_Matricial_1.a(cyPm.o)
 .text.CyPmHibSlpSaveSet
                0x00000000      0x1dc .\CortexM3\ARM_GCC_541\Debug\Teclado_Matricial_1.a(cyPm.o)
 .text.CyPmHibSlpRestore
                0x00000000       0xd8 .\CortexM3\ARM_GCC_541\Debug\Teclado_Matricial_1.a(cyPm.o)
 .text.CyPmHviLviSaveDisable
                0x00000000       0xa0 .\CortexM3\ARM_GCC_541\Debug\Teclado_Matricial_1.a(cyPm.o)
 .text.CyPmHibSaveSet
                0x00000000       0x98 .\CortexM3\ARM_GCC_541\Debug\Teclado_Matricial_1.a(cyPm.o)
 .text.CyPmHviLviRestore
                0x00000000       0x48 .\CortexM3\ARM_GCC_541\Debug\Teclado_Matricial_1.a(cyPm.o)
 .text.CyPmHibRestore
                0x00000000       0x60 .\CortexM3\ARM_GCC_541\Debug\Teclado_Matricial_1.a(cyPm.o)
 .text.CyPmSaveClocks
                0x00000000      0x218 .\CortexM3\ARM_GCC_541\Debug\Teclado_Matricial_1.a(cyPm.o)
 .text.CyPmRestoreClocks
                0x00000000      0x24c .\CortexM3\ARM_GCC_541\Debug\Teclado_Matricial_1.a(cyPm.o)
 .text.CyPmAltAct
                0x00000000       0x6c .\CortexM3\ARM_GCC_541\Debug\Teclado_Matricial_1.a(cyPm.o)
 .text.CyPmSleep
                0x00000000       0xf4 .\CortexM3\ARM_GCC_541\Debug\Teclado_Matricial_1.a(cyPm.o)
 .text.CyPmHibernateEx
                0x00000000       0xf4 .\CortexM3\ARM_GCC_541\Debug\Teclado_Matricial_1.a(cyPm.o)
 .text.CyPmHibernate
                0x00000000        0xc .\CortexM3\ARM_GCC_541\Debug\Teclado_Matricial_1.a(cyPm.o)
 .text.CyPmReadStatus
                0x00000000       0x30 .\CortexM3\ARM_GCC_541\Debug\Teclado_Matricial_1.a(cyPm.o)
 .text.CyPmCtwSetInterval
                0x00000000       0x5c .\CortexM3\ARM_GCC_541\Debug\Teclado_Matricial_1.a(cyPm.o)
 .text.CyPmOppsSet
                0x00000000       0x2c .\CortexM3\ARM_GCC_541\Debug\Teclado_Matricial_1.a(cyPm.o)
 .text.CyPmFtwSetInterval
                0x00000000       0x5c .\CortexM3\ARM_GCC_541\Debug\Teclado_Matricial_1.a(cyPm.o)
 .rodata        0x00000000        0xf .\CortexM3\ARM_GCC_541\Debug\Teclado_Matricial_1.a(cyPm.o)
 .text          0x00000000        0x0 .\CortexM3\ARM_GCC_541\Debug\Teclado_Matricial_1.a(Data_A_LSB.o)
 .data          0x00000000        0x0 .\CortexM3\ARM_GCC_541\Debug\Teclado_Matricial_1.a(Data_A_LSB.o)
 .bss           0x00000000        0x0 .\CortexM3\ARM_GCC_541\Debug\Teclado_Matricial_1.a(Data_A_LSB.o)
 .text.Data_A_LSB_Write
                0x00000000       0x18 .\CortexM3\ARM_GCC_541\Debug\Teclado_Matricial_1.a(Data_A_LSB.o)
 .text.Data_A_LSB_SetDriveMode
                0x00000000       0x18 .\CortexM3\ARM_GCC_541\Debug\Teclado_Matricial_1.a(Data_A_LSB.o)
 .text.Data_A_LSB_ReadDataReg
                0x00000000       0x10 .\CortexM3\ARM_GCC_541\Debug\Teclado_Matricial_1.a(Data_A_LSB.o)
 .text          0x00000000        0x0 .\CortexM3\ARM_GCC_541\Debug\Teclado_Matricial_1.a(Data_B.o)
 .data          0x00000000        0x0 .\CortexM3\ARM_GCC_541\Debug\Teclado_Matricial_1.a(Data_B.o)
 .bss           0x00000000        0x0 .\CortexM3\ARM_GCC_541\Debug\Teclado_Matricial_1.a(Data_B.o)
 .text.Data_B_Write
                0x00000000       0x18 .\CortexM3\ARM_GCC_541\Debug\Teclado_Matricial_1.a(Data_B.o)
 .text.Data_B_SetDriveMode
                0x00000000       0x18 .\CortexM3\ARM_GCC_541\Debug\Teclado_Matricial_1.a(Data_B.o)
 .text.Data_B_ReadDataReg
                0x00000000       0x10 .\CortexM3\ARM_GCC_541\Debug\Teclado_Matricial_1.a(Data_B.o)
 .text          0x00000000        0x0 .\CortexM3\ARM_GCC_541\Debug\Teclado_Matricial_1.a(Data_C.o)
 .data          0x00000000        0x0 .\CortexM3\ARM_GCC_541\Debug\Teclado_Matricial_1.a(Data_C.o)
 .bss           0x00000000        0x0 .\CortexM3\ARM_GCC_541\Debug\Teclado_Matricial_1.a(Data_C.o)
 .text.Data_C_Write
                0x00000000       0x18 .\CortexM3\ARM_GCC_541\Debug\Teclado_Matricial_1.a(Data_C.o)
 .text.Data_C_SetDriveMode
                0x00000000       0x18 .\CortexM3\ARM_GCC_541\Debug\Teclado_Matricial_1.a(Data_C.o)
 .text.Data_C_ReadDataReg
                0x00000000       0x10 .\CortexM3\ARM_GCC_541\Debug\Teclado_Matricial_1.a(Data_C.o)
 .text          0x00000000        0x0 .\CortexM3\ARM_GCC_541\Debug\Teclado_Matricial_1.a(Data_D_MSB.o)
 .data          0x00000000        0x0 .\CortexM3\ARM_GCC_541\Debug\Teclado_Matricial_1.a(Data_D_MSB.o)
 .bss           0x00000000        0x0 .\CortexM3\ARM_GCC_541\Debug\Teclado_Matricial_1.a(Data_D_MSB.o)
 .text.Data_D_MSB_Write
                0x00000000       0x18 .\CortexM3\ARM_GCC_541\Debug\Teclado_Matricial_1.a(Data_D_MSB.o)
 .text.Data_D_MSB_SetDriveMode
                0x00000000       0x18 .\CortexM3\ARM_GCC_541\Debug\Teclado_Matricial_1.a(Data_D_MSB.o)
 .text.Data_D_MSB_ReadDataReg
                0x00000000       0x10 .\CortexM3\ARM_GCC_541\Debug\Teclado_Matricial_1.a(Data_D_MSB.o)
 .text          0x00000000        0x0 .\CortexM3\ARM_GCC_541\Debug\Teclado_Matricial_1.a(Pulisr.o)
 .data          0x00000000        0x0 .\CortexM3\ARM_GCC_541\Debug\Teclado_Matricial_1.a(Pulisr.o)
 .bss           0x00000000        0x0 .\CortexM3\ARM_GCC_541\Debug\Teclado_Matricial_1.a(Pulisr.o)
 .text.Pulisr_Interrupt
                0x00000000        0x4 .\CortexM3\ARM_GCC_541\Debug\Teclado_Matricial_1.a(Pulisr.o)
 .text.Pulisr_GetVector
                0x00000000        0xc .\CortexM3\ARM_GCC_541\Debug\Teclado_Matricial_1.a(Pulisr.o)
 .text.Pulisr_GetPriority
                0x00000000        0xc .\CortexM3\ARM_GCC_541\Debug\Teclado_Matricial_1.a(Pulisr.o)
 .text.Pulisr_GetState
                0x00000000       0x10 .\CortexM3\ARM_GCC_541\Debug\Teclado_Matricial_1.a(Pulisr.o)
 .text.Pulisr_Start
                0x00000000       0x1c .\CortexM3\ARM_GCC_541\Debug\Teclado_Matricial_1.a(Pulisr.o)
 .text.Pulisr_Stop
                0x00000000       0x14 .\CortexM3\ARM_GCC_541\Debug\Teclado_Matricial_1.a(Pulisr.o)
 .text.Pulisr_SetPending
                0x00000000        0xc .\CortexM3\ARM_GCC_541\Debug\Teclado_Matricial_1.a(Pulisr.o)
 .text.Pulisr_ClearPending
                0x00000000        0xc .\CortexM3\ARM_GCC_541\Debug\Teclado_Matricial_1.a(Pulisr.o)
 .text          0x00000000        0x0 .\CortexM3\ARM_GCC_541\Debug\Teclado_Matricial_1.a(timer_clock.o)
 .data          0x00000000        0x0 .\CortexM3\ARM_GCC_541\Debug\Teclado_Matricial_1.a(timer_clock.o)
 .bss           0x00000000        0x0 .\CortexM3\ARM_GCC_541\Debug\Teclado_Matricial_1.a(timer_clock.o)
 .text.timer_clock_Stop
                0x00000000       0x1c .\CortexM3\ARM_GCC_541\Debug\Teclado_Matricial_1.a(timer_clock.o)
 .text.timer_clock_StopBlock
                0x00000000       0x6c .\CortexM3\ARM_GCC_541\Debug\Teclado_Matricial_1.a(timer_clock.o)
 .text.timer_clock_StandbyPower
                0x00000000       0x20 .\CortexM3\ARM_GCC_541\Debug\Teclado_Matricial_1.a(timer_clock.o)
 .text.timer_clock_GetDividerRegister
                0x00000000        0xc .\CortexM3\ARM_GCC_541\Debug\Teclado_Matricial_1.a(timer_clock.o)
 .text.timer_clock_SetModeRegister
                0x00000000       0x14 .\CortexM3\ARM_GCC_541\Debug\Teclado_Matricial_1.a(timer_clock.o)
 .text.timer_clock_ClearModeRegister
                0x00000000       0x18 .\CortexM3\ARM_GCC_541\Debug\Teclado_Matricial_1.a(timer_clock.o)
 .text.timer_clock_GetModeRegister
                0x00000000       0x10 .\CortexM3\ARM_GCC_541\Debug\Teclado_Matricial_1.a(timer_clock.o)
 .text.timer_clock_GetSourceRegister
                0x00000000       0x10 .\CortexM3\ARM_GCC_541\Debug\Teclado_Matricial_1.a(timer_clock.o)
 .text.timer_clock_SetDividerRegister
                0x00000000       0xd8 .\CortexM3\ARM_GCC_541\Debug\Teclado_Matricial_1.a(timer_clock.o)
 .text.timer_clock_SetSourceRegister
                0x00000000       0x5c .\CortexM3\ARM_GCC_541\Debug\Teclado_Matricial_1.a(timer_clock.o)
 .text          0x00000000        0x0 .\CortexM3\ARM_GCC_541\Debug\Teclado_Matricial_1.a(Timer.o)
 .data          0x00000000        0x0 .\CortexM3\ARM_GCC_541\Debug\Teclado_Matricial_1.a(Timer.o)
 .text.Timer_Stop
                0x00000000       0x28 .\CortexM3\ARM_GCC_541\Debug\Teclado_Matricial_1.a(Timer.o)
 .text.Timer_SoftwareCapture
                0x00000000        0xc .\CortexM3\ARM_GCC_541\Debug\Teclado_Matricial_1.a(Timer.o)
 .text.Timer_ReadStatusRegister
                0x00000000        0xc .\CortexM3\ARM_GCC_541\Debug\Teclado_Matricial_1.a(Timer.o)
 .text.Timer_ReadControlRegister
                0x00000000        0xc .\CortexM3\ARM_GCC_541\Debug\Teclado_Matricial_1.a(Timer.o)
 .text.Timer_WriteControlRegister
                0x00000000        0xc .\CortexM3\ARM_GCC_541\Debug\Teclado_Matricial_1.a(Timer.o)
 .text.Timer_ReadPeriod
                0x00000000        0xc .\CortexM3\ARM_GCC_541\Debug\Teclado_Matricial_1.a(Timer.o)
 .text.Timer_ReadCapture
                0x00000000        0xc .\CortexM3\ARM_GCC_541\Debug\Teclado_Matricial_1.a(Timer.o)
 .text.Timer_ReadCounter
                0x00000000       0x14 .\CortexM3\ARM_GCC_541\Debug\Teclado_Matricial_1.a(Timer.o)
 .text          0x00000000        0x0 .\CortexM3\ARM_GCC_541\Debug\Teclado_Matricial_1.a(isrtiempo.o)
 .data          0x00000000        0x0 .\CortexM3\ARM_GCC_541\Debug\Teclado_Matricial_1.a(isrtiempo.o)
 .bss           0x00000000        0x0 .\CortexM3\ARM_GCC_541\Debug\Teclado_Matricial_1.a(isrtiempo.o)
 .text.isrtiempo_Interrupt
                0x00000000        0x4 .\CortexM3\ARM_GCC_541\Debug\Teclado_Matricial_1.a(isrtiempo.o)
 .text.isrtiempo_GetVector
                0x00000000        0xc .\CortexM3\ARM_GCC_541\Debug\Teclado_Matricial_1.a(isrtiempo.o)
 .text.isrtiempo_GetPriority
                0x00000000        0xc .\CortexM3\ARM_GCC_541\Debug\Teclado_Matricial_1.a(isrtiempo.o)
 .text.isrtiempo_GetState
                0x00000000       0x18 .\CortexM3\ARM_GCC_541\Debug\Teclado_Matricial_1.a(isrtiempo.o)
 .text.isrtiempo_Start
                0x00000000       0x1c .\CortexM3\ARM_GCC_541\Debug\Teclado_Matricial_1.a(isrtiempo.o)
 .text.isrtiempo_Stop
                0x00000000       0x14 .\CortexM3\ARM_GCC_541\Debug\Teclado_Matricial_1.a(isrtiempo.o)
 .text.isrtiempo_SetPending
                0x00000000        0xc .\CortexM3\ARM_GCC_541\Debug\Teclado_Matricial_1.a(isrtiempo.o)
 .text.isrtiempo_ClearPending
                0x00000000        0xc .\CortexM3\ARM_GCC_541\Debug\Teclado_Matricial_1.a(isrtiempo.o)
 .data          0x00000000        0x0 .\CortexM3\ARM_GCC_541\Debug\Teclado_Matricial_1.a(CyBootAsmGnu.o)
 .bss           0x00000000        0x0 .\CortexM3\ARM_GCC_541\Debug\Teclado_Matricial_1.a(CyBootAsmGnu.o)
 .text          0x00000000        0x0 .\CortexM3\ARM_GCC_541\Debug\Teclado_Matricial_1.a(CyFlash.o)
 .data          0x00000000        0x0 .\CortexM3\ARM_GCC_541\Debug\Teclado_Matricial_1.a(CyFlash.o)
 .bss           0x00000000        0x0 .\CortexM3\ARM_GCC_541\Debug\Teclado_Matricial_1.a(CyFlash.o)
 .text.CySetTempInt
                0x00000000       0x60 .\CortexM3\ARM_GCC_541\Debug\Teclado_Matricial_1.a(CyFlash.o)
 .text.CyFlash_Start
                0x00000000       0x54 .\CortexM3\ARM_GCC_541\Debug\Teclado_Matricial_1.a(CyFlash.o)
 .text.CyFlash_Stop
                0x00000000       0x24 .\CortexM3\ARM_GCC_541\Debug\Teclado_Matricial_1.a(CyFlash.o)
 .text.CyFlash_EraseRow
                0x00000000       0x78 .\CortexM3\ARM_GCC_541\Debug\Teclado_Matricial_1.a(CyFlash.o)
 .text.CyFlashGetSpcAlgorithm
                0x00000000       0x4c .\CortexM3\ARM_GCC_541\Debug\Teclado_Matricial_1.a(CyFlash.o)
 .text.CySetTemp
                0x00000000       0x14 .\CortexM3\ARM_GCC_541\Debug\Teclado_Matricial_1.a(CyFlash.o)
 .text.CySetFlashEEBuffer
                0x00000000       0x20 .\CortexM3\ARM_GCC_541\Debug\Teclado_Matricial_1.a(CyFlash.o)
 .text.CyWriteRowFull
                0x00000000       0xf8 .\CortexM3\ARM_GCC_541\Debug\Teclado_Matricial_1.a(CyFlash.o)
 .text.CyWriteRowData
                0x00000000       0x14 .\CortexM3\ARM_GCC_541\Debug\Teclado_Matricial_1.a(CyFlash.o)
 .text.CyFlash_SetWaitCycles
                0x00000000       0x7c .\CortexM3\ARM_GCC_541\Debug\Teclado_Matricial_1.a(CyFlash.o)
 .text.CyEEPROM_Start
                0x00000000       0x54 .\CortexM3\ARM_GCC_541\Debug\Teclado_Matricial_1.a(CyFlash.o)
 .text.CyEEPROM_Stop
                0x00000000       0x24 .\CortexM3\ARM_GCC_541\Debug\Teclado_Matricial_1.a(CyFlash.o)
 .text.CyEEPROM_ReadReserve
                0x00000000       0x1c .\CortexM3\ARM_GCC_541\Debug\Teclado_Matricial_1.a(CyFlash.o)
 .text.CyEEPROM_ReadRelease
                0x00000000       0x10 .\CortexM3\ARM_GCC_541\Debug\Teclado_Matricial_1.a(CyFlash.o)
 COMMON         0x00000000        0x2 .\CortexM3\ARM_GCC_541\Debug\Teclado_Matricial_1.a(CyFlash.o)
 .text          0x00000000        0x0 .\CortexM3\ARM_GCC_541\Debug\Teclado_Matricial_1.a(CySpc.o)
 .data          0x00000000        0x0 .\CortexM3\ARM_GCC_541\Debug\Teclado_Matricial_1.a(CySpc.o)
 .bss           0x00000000        0x8 .\CortexM3\ARM_GCC_541\Debug\Teclado_Matricial_1.a(CySpc.o)
 .text.CySpcStart
                0x00000000       0x24 .\CortexM3\ARM_GCC_541\Debug\Teclado_Matricial_1.a(CySpc.o)
 .text.CySpcStop
                0x00000000       0x24 .\CortexM3\ARM_GCC_541\Debug\Teclado_Matricial_1.a(CySpc.o)
 .text.CySpcReadData
                0x00000000       0x34 .\CortexM3\ARM_GCC_541\Debug\Teclado_Matricial_1.a(CySpc.o)
 .text.CySpcLoadMultiByte
                0x00000000       0x78 .\CortexM3\ARM_GCC_541\Debug\Teclado_Matricial_1.a(CySpc.o)
 .text.CySpcLoadRow
                0x00000000       0x50 .\CortexM3\ARM_GCC_541\Debug\Teclado_Matricial_1.a(CySpc.o)
 .text.CySpcLoadRowFull
                0x00000000       0x80 .\CortexM3\ARM_GCC_541\Debug\Teclado_Matricial_1.a(CySpc.o)
 .text.CySpcWriteRow
                0x00000000       0x4c .\CortexM3\ARM_GCC_541\Debug\Teclado_Matricial_1.a(CySpc.o)
 .text.CySpcEraseSector
                0x00000000       0x3c .\CortexM3\ARM_GCC_541\Debug\Teclado_Matricial_1.a(CySpc.o)
 .text.CySpcEraseRow
                0x00000000       0x4c .\CortexM3\ARM_GCC_541\Debug\Teclado_Matricial_1.a(CySpc.o)
 .text.CySpcGetTemp
                0x00000000       0x3c .\CortexM3\ARM_GCC_541\Debug\Teclado_Matricial_1.a(CySpc.o)
 .text.CySpcLock
                0x00000000       0x4c .\CortexM3\ARM_GCC_541\Debug\Teclado_Matricial_1.a(CySpc.o)
 .text.CySpcUnlock
                0x00000000       0x38 .\CortexM3\ARM_GCC_541\Debug\Teclado_Matricial_1.a(CySpc.o)
 .text.CySpcGetAlgorithm
                0x00000000       0x28 .\CortexM3\ARM_GCC_541\Debug\Teclado_Matricial_1.a(CySpc.o)
 .text          0x00000000        0x0 c:/program files (x86)/cypress/psoc creator/4.2/psoc creator/import/gnu/arm/5.4.1/bin/../lib/gcc/arm-none-eabi/5.4.1/../../../../arm-none-eabi/lib/armv7-m\libg_nano.a(lib_a-atoi.o)
 .data          0x00000000        0x0 c:/program files (x86)/cypress/psoc creator/4.2/psoc creator/import/gnu/arm/5.4.1/bin/../lib/gcc/arm-none-eabi/5.4.1/../../../../arm-none-eabi/lib/armv7-m\libg_nano.a(lib_a-atoi.o)
 .bss           0x00000000        0x0 c:/program files (x86)/cypress/psoc creator/4.2/psoc creator/import/gnu/arm/5.4.1/bin/../lib/gcc/arm-none-eabi/5.4.1/../../../../arm-none-eabi/lib/armv7-m\libg_nano.a(lib_a-atoi.o)
 .text._atoi_r  0x00000000        0x8 c:/program files (x86)/cypress/psoc creator/4.2/psoc creator/import/gnu/arm/5.4.1/bin/../lib/gcc/arm-none-eabi/5.4.1/../../../../arm-none-eabi/lib/armv7-m\libg_nano.a(lib_a-atoi.o)
 .text          0x00000000        0x0 c:/program files (x86)/cypress/psoc creator/4.2/psoc creator/import/gnu/arm/5.4.1/bin/../lib/gcc/arm-none-eabi/5.4.1/../../../../arm-none-eabi/lib/armv7-m\libg_nano.a(lib_a-errno.o)
 .data          0x00000000        0x0 c:/program files (x86)/cypress/psoc creator/4.2/psoc creator/import/gnu/arm/5.4.1/bin/../lib/gcc/arm-none-eabi/5.4.1/../../../../arm-none-eabi/lib/armv7-m\libg_nano.a(lib_a-errno.o)
 .bss           0x00000000        0x0 c:/program files (x86)/cypress/psoc creator/4.2/psoc creator/import/gnu/arm/5.4.1/bin/../lib/gcc/arm-none-eabi/5.4.1/../../../../arm-none-eabi/lib/armv7-m\libg_nano.a(lib_a-errno.o)
 .text          0x00000000        0x0 c:/program files (x86)/cypress/psoc creator/4.2/psoc creator/import/gnu/arm/5.4.1/bin/../lib/gcc/arm-none-eabi/5.4.1/../../../../arm-none-eabi/lib/armv7-m\libg_nano.a(lib_a-exit.o)
 .data          0x00000000        0x0 c:/program files (x86)/cypress/psoc creator/4.2/psoc creator/import/gnu/arm/5.4.1/bin/../lib/gcc/arm-none-eabi/5.4.1/../../../../arm-none-eabi/lib/armv7-m\libg_nano.a(lib_a-exit.o)
 .bss           0x00000000        0x0 c:/program files (x86)/cypress/psoc creator/4.2/psoc creator/import/gnu/arm/5.4.1/bin/../lib/gcc/arm-none-eabi/5.4.1/../../../../arm-none-eabi/lib/armv7-m\libg_nano.a(lib_a-exit.o)
 .text.exit     0x00000000       0x28 c:/program files (x86)/cypress/psoc creator/4.2/psoc creator/import/gnu/arm/5.4.1/bin/../lib/gcc/arm-none-eabi/5.4.1/../../../../arm-none-eabi/lib/armv7-m\libg_nano.a(lib_a-exit.o)
 .text          0x00000000        0x0 c:/program files (x86)/cypress/psoc creator/4.2/psoc creator/import/gnu/arm/5.4.1/bin/../lib/gcc/arm-none-eabi/5.4.1/../../../../arm-none-eabi/lib/armv7-m\libg_nano.a(lib_a-impure.o)
 .data          0x00000000        0x0 c:/program files (x86)/cypress/psoc creator/4.2/psoc creator/import/gnu/arm/5.4.1/bin/../lib/gcc/arm-none-eabi/5.4.1/../../../../arm-none-eabi/lib/armv7-m\libg_nano.a(lib_a-impure.o)
 .bss           0x00000000        0x0 c:/program files (x86)/cypress/psoc creator/4.2/psoc creator/import/gnu/arm/5.4.1/bin/../lib/gcc/arm-none-eabi/5.4.1/../../../../arm-none-eabi/lib/armv7-m\libg_nano.a(lib_a-impure.o)
 .rodata._global_impure_ptr
                0x00000000        0x4 c:/program files (x86)/cypress/psoc creator/4.2/psoc creator/import/gnu/arm/5.4.1/bin/../lib/gcc/arm-none-eabi/5.4.1/../../../../arm-none-eabi/lib/armv7-m\libg_nano.a(lib_a-impure.o)
 .text          0x00000000        0x0 c:/program files (x86)/cypress/psoc creator/4.2/psoc creator/import/gnu/arm/5.4.1/bin/../lib/gcc/arm-none-eabi/5.4.1/../../../../arm-none-eabi/lib/armv7-m\libg_nano.a(lib_a-init.o)
 .data          0x00000000        0x0 c:/program files (x86)/cypress/psoc creator/4.2/psoc creator/import/gnu/arm/5.4.1/bin/../lib/gcc/arm-none-eabi/5.4.1/../../../../arm-none-eabi/lib/armv7-m\libg_nano.a(lib_a-init.o)
 .bss           0x00000000        0x0 c:/program files (x86)/cypress/psoc creator/4.2/psoc creator/import/gnu/arm/5.4.1/bin/../lib/gcc/arm-none-eabi/5.4.1/../../../../arm-none-eabi/lib/armv7-m\libg_nano.a(lib_a-init.o)
 .text          0x00000000        0x0 c:/program files (x86)/cypress/psoc creator/4.2/psoc creator/import/gnu/arm/5.4.1/bin/../lib/gcc/arm-none-eabi/5.4.1/../../../../arm-none-eabi/lib/armv7-m\libg_nano.a(lib_a-memcpy-stub.o)
 .data          0x00000000        0x0 c:/program files (x86)/cypress/psoc creator/4.2/psoc creator/import/gnu/arm/5.4.1/bin/../lib/gcc/arm-none-eabi/5.4.1/../../../../arm-none-eabi/lib/armv7-m\libg_nano.a(lib_a-memcpy-stub.o)
 .bss           0x00000000        0x0 c:/program files (x86)/cypress/psoc creator/4.2/psoc creator/import/gnu/arm/5.4.1/bin/../lib/gcc/arm-none-eabi/5.4.1/../../../../arm-none-eabi/lib/armv7-m\libg_nano.a(lib_a-memcpy-stub.o)
 .text          0x00000000        0x0 c:/program files (x86)/cypress/psoc creator/4.2/psoc creator/import/gnu/arm/5.4.1/bin/../lib/gcc/arm-none-eabi/5.4.1/../../../../arm-none-eabi/lib/armv7-m\libg_nano.a(lib_a-memset.o)
 .data          0x00000000        0x0 c:/program files (x86)/cypress/psoc creator/4.2/psoc creator/import/gnu/arm/5.4.1/bin/../lib/gcc/arm-none-eabi/5.4.1/../../../../arm-none-eabi/lib/armv7-m\libg_nano.a(lib_a-memset.o)
 .bss           0x00000000        0x0 c:/program files (x86)/cypress/psoc creator/4.2/psoc creator/import/gnu/arm/5.4.1/bin/../lib/gcc/arm-none-eabi/5.4.1/../../../../arm-none-eabi/lib/armv7-m\libg_nano.a(lib_a-memset.o)
 .text          0x00000000        0x0 c:/program files (x86)/cypress/psoc creator/4.2/psoc creator/import/gnu/arm/5.4.1/bin/../lib/gcc/arm-none-eabi/5.4.1/../../../../arm-none-eabi/lib/armv7-m\libg_nano.a(lib_a-strtol.o)
 .data          0x00000000        0x0 c:/program files (x86)/cypress/psoc creator/4.2/psoc creator/import/gnu/arm/5.4.1/bin/../lib/gcc/arm-none-eabi/5.4.1/../../../../arm-none-eabi/lib/armv7-m\libg_nano.a(lib_a-strtol.o)
 .bss           0x00000000        0x0 c:/program files (x86)/cypress/psoc creator/4.2/psoc creator/import/gnu/arm/5.4.1/bin/../lib/gcc/arm-none-eabi/5.4.1/../../../../arm-none-eabi/lib/armv7-m\libg_nano.a(lib_a-strtol.o)
 .text          0x00000000        0x0 c:/program files (x86)/cypress/psoc creator/4.2/psoc creator/import/gnu/arm/5.4.1/bin/../lib/gcc/arm-none-eabi/5.4.1/../../../../arm-none-eabi/lib/armv7-m\libg_nano.a(lib_a-ctype_.o)
 .data          0x00000000        0x0 c:/program files (x86)/cypress/psoc creator/4.2/psoc creator/import/gnu/arm/5.4.1/bin/../lib/gcc/arm-none-eabi/5.4.1/../../../../arm-none-eabi/lib/armv7-m\libg_nano.a(lib_a-ctype_.o)
 .bss           0x00000000        0x0 c:/program files (x86)/cypress/psoc creator/4.2/psoc creator/import/gnu/arm/5.4.1/bin/../lib/gcc/arm-none-eabi/5.4.1/../../../../arm-none-eabi/lib/armv7-m\libg_nano.a(lib_a-ctype_.o)
 .text          0x00000000        0x0 c:/program files (x86)/cypress/psoc creator/4.2/psoc creator/import/gnu/arm/5.4.1/bin/../lib/gcc/arm-none-eabi/5.4.1/armv7-m/crtend.o
 .data          0x00000000        0x0 c:/program files (x86)/cypress/psoc creator/4.2/psoc creator/import/gnu/arm/5.4.1/bin/../lib/gcc/arm-none-eabi/5.4.1/armv7-m/crtend.o
 .bss           0x00000000        0x0 c:/program files (x86)/cypress/psoc creator/4.2/psoc creator/import/gnu/arm/5.4.1/bin/../lib/gcc/arm-none-eabi/5.4.1/armv7-m/crtend.o
 .text          0x00000000        0x0 c:/program files (x86)/cypress/psoc creator/4.2/psoc creator/import/gnu/arm/5.4.1/bin/../lib/gcc/arm-none-eabi/5.4.1/armv7-m/crtn.o
 .data          0x00000000        0x0 c:/program files (x86)/cypress/psoc creator/4.2/psoc creator/import/gnu/arm/5.4.1/bin/../lib/gcc/arm-none-eabi/5.4.1/armv7-m/crtn.o
 .bss           0x00000000        0x0 c:/program files (x86)/cypress/psoc creator/4.2/psoc creator/import/gnu/arm/5.4.1/bin/../lib/gcc/arm-none-eabi/5.4.1/armv7-m/crtn.o

Memory Configuration

Name             Origin             Length             Attributes
rom              0x00000000         0x00040000         xr
ram              0x1fff8000         0x00010000         xrw
*default*        0x00000000         0xffffffff

Linker script and memory map

LOAD c:/program files (x86)/cypress/psoc creator/4.2/psoc creator/import/gnu/arm/5.4.1/bin/../lib/gcc/arm-none-eabi/5.4.1/armv7-m/crti.o
LOAD c:/program files (x86)/cypress/psoc creator/4.2/psoc creator/import/gnu/arm/5.4.1/bin/../lib/gcc/arm-none-eabi/5.4.1/armv7-m/crtbegin.o
LOAD c:/program files (x86)/cypress/psoc creator/4.2/psoc creator/import/gnu/arm/5.4.1/bin/../lib/gcc/arm-none-eabi/5.4.1/../../../../arm-none-eabi/lib/armv7-m/crt0.o
START GROUP
LOAD .\CortexM3\ARM_GCC_541\Debug\main.o
LOAD .\CortexM3\ARM_GCC_541\Debug\cyfitter_cfg.o
LOAD .\CortexM3\ARM_GCC_541\Debug\cymetadata.o
LOAD .\CortexM3\ARM_GCC_541\Debug\Cm3Start.o
LOAD .\CortexM3\ARM_GCC_541\Debug\Teclado_Matricial_1.a
LOAD C:\Program Files (x86)\Cypress\PSoC Creator\4.2\PSoC Creator\psoc\content\cycomponentlibrary\CyComponentLibrary.cylib\CortexM3\ARM_GCC_541\Debug\CyComponentLibrary.a
END GROUP
START GROUP
LOAD c:/program files (x86)/cypress/psoc creator/4.2/psoc creator/import/gnu/arm/5.4.1/bin/../lib/gcc/arm-none-eabi/5.4.1/armv7-m\libgcc.a
LOAD c:/program files (x86)/cypress/psoc creator/4.2/psoc creator/import/gnu/arm/5.4.1/bin/../lib/gcc/arm-none-eabi/5.4.1/../../../../arm-none-eabi/lib/armv7-m\libg_nano.a
LOAD c:/program files (x86)/cypress/psoc creator/4.2/psoc creator/import/gnu/arm/5.4.1/bin/../lib/gcc/arm-none-eabi/5.4.1/../../../../arm-none-eabi/lib/armv7-m\libc_nano.a
END GROUP
START GROUP
LOAD c:/program files (x86)/cypress/psoc creator/4.2/psoc creator/import/gnu/arm/5.4.1/bin/../lib/gcc/arm-none-eabi/5.4.1/armv7-m\libgcc.a
LOAD c:/program files (x86)/cypress/psoc creator/4.2/psoc creator/import/gnu/arm/5.4.1/bin/../lib/gcc/arm-none-eabi/5.4.1/../../../../arm-none-eabi/lib/armv7-m\libc_nano.a
END GROUP
LOAD c:/program files (x86)/cypress/psoc creator/4.2/psoc creator/import/gnu/arm/5.4.1/bin/../lib/gcc/arm-none-eabi/5.4.1/armv7-m/crtend.o
LOAD c:/program files (x86)/cypress/psoc creator/4.2/psoc creator/import/gnu/arm/5.4.1/bin/../lib/gcc/arm-none-eabi/5.4.1/armv7-m/crtn.o
START GROUP
LOAD c:/program files (x86)/cypress/psoc creator/4.2/psoc creator/import/gnu/arm/5.4.1/bin/../lib/gcc/arm-none-eabi/5.4.1/armv7-m\libgcc.a
LOAD c:/program files (x86)/cypress/psoc creator/4.2/psoc creator/import/gnu/arm/5.4.1/bin/../lib/gcc/arm-none-eabi/5.4.1/../../../../arm-none-eabi/lib/armv7-m\libc.a
LOAD c:/program files (x86)/cypress/psoc creator/4.2/psoc creator/import/gnu/arm/5.4.1/bin/../lib/gcc/arm-none-eabi/5.4.1/../../../../arm-none-eabi/lib/armv7-m\libnosys.a
END GROUP
                0x00000000                CY_APPL_ORIGIN = 0x0
                0x00000100                CY_FLASH_ROW_SIZE = 0x100
                0x00000020                CY_ECC_ROW_SIZE = 0x20
                0x00000000                CY_EE_IN_BTLDR = 0x0
                0x00000000                CY_APPL_LOADABLE = 0x0
                0x00000800                CY_EE_SIZE = 0x800
                0x00000001                CY_APPL_NUM = 0x1
                0x00000001                CY_APPL_MAX = 0x1
                0x00000040                CY_METADATA_SIZE = 0x40
                0x00000000                CY_APPL_LOADABLE = 0x0
                0x00000000                CY_CHECKSUM_EXCLUDE_SIZE = ALIGN (0x0, CY_FLASH_ROW_SIZE)
                [!provide]                PROVIDE (__cy_heap_start, _end)
                0x00000001                PROVIDE (__cy_region_num, ((__cy_regions_end - __cy_regions) / 0x10))
                0x20008000                PROVIDE (__cy_stack, (ORIGIN (ram) + LENGTH (ram)))
                [!provide]                PROVIDE (__cy_heap_end, (__cy_stack - 0x800))

.cybootloader   0x00000000        0x0
 *(.cybootloader)
                0x00000000                appl1_start = CY_APPL_ORIGIN?CY_APPL_ORIGIN:ALIGN (CY_FLASH_ROW_SIZE)
                0x0001ff00                appl2_start = (appl1_start + ALIGN ((((LENGTH (rom) - appl1_start) - (0x2 * CY_FLASH_ROW_SIZE)) / 0x2), CY_FLASH_ROW_SIZE))
                0x00000000                appl_start = (CY_APPL_NUM == 0x1)?appl1_start:appl2_start
                0x00000000                ecc_offset = ((appl_start / CY_FLASH_ROW_SIZE) * CY_ECC_ROW_SIZE)
                0x00000000                ee_offset = (CY_APPL_LOADABLE && ! (CY_EE_IN_BTLDR))?((CY_EE_SIZE / CY_APPL_MAX) * (CY_APPL_NUM - 0x1)):0x0
                0x00000800                ee_size = (CY_APPL_LOADABLE && ! (CY_EE_IN_BTLDR))?(CY_EE_SIZE / CY_APPL_MAX):CY_EE_SIZE
                [!provide]                PROVIDE (CY_ECC_OFFSET, ecc_offset)

.text           0x00000000      0xd10
 CREATE_OBJECT_SYMBOLS
                0x00000000                PROVIDE (__cy_interrupt_vector, RomVectors)
 *(.romvectors)
 .romvectors    0x00000000       0x10 .\CortexM3\ARM_GCC_541\Debug\Cm3Start.o
                0x00000000                RomVectors
                0x00000001                ASSERT ((. != __cy_interrupt_vector), No interrupt vector)
                0x00000001                ASSERT (CY_APPL_ORIGIN?(SIZEOF (.cybootloader) <= CY_APPL_ORIGIN):0x1, Wrong image location)
                0x00000010                PROVIDE (__cy_reset, Reset)
 *(.text.Reset)
 .text.Reset    0x00000010       0x18 .\CortexM3\ARM_GCC_541\Debug\Cm3Start.o
                0x00000010                Reset
                0x00000001                ASSERT ((. != __cy_reset), No reset code)
 *(.dma_init)
                0x00000001                ASSERT ((((appl_start + .) <= 0x10000) || 0x1), DMA Init must be within the first 64k of flash)
 *(.text .text.* .gnu.linkonce.t.*)
 .text          0x00000028       0x5c c:/program files (x86)/cypress/psoc creator/4.2/psoc creator/import/gnu/arm/5.4.1/bin/../lib/gcc/arm-none-eabi/5.4.1/armv7-m/crtbegin.o
 .text.Temporizador
                0x00000084       0x10 .\CortexM3\ARM_GCC_541\Debug\main.o
                0x00000084                Temporizador
 .text.LeerTecla
                0x00000094      0x200 .\CortexM3\ARM_GCC_541\Debug\main.o
                0x00000094                LeerTecla
 .text.LeerTeclaInt
                0x00000294       0x74 .\CortexM3\ARM_GCC_541\Debug\main.o
                0x00000294                LeerTeclaInt
 .text.main     0x00000308       0x7c .\CortexM3\ARM_GCC_541\Debug\main.o
                0x00000308                main
 .text.CyClockStartupError
                0x00000384        0x4 .\CortexM3\ARM_GCC_541\Debug\cyfitter_cfg.o
 .text.cfg_write_bytes32
                0x00000388       0x34 .\CortexM3\ARM_GCC_541\Debug\cyfitter_cfg.o
 .text.AnalogSetDefault
                0x000003bc       0x28 .\CortexM3\ARM_GCC_541\Debug\cyfitter_cfg.o
 .text.CYMEMZERO
                0x000003e4        0xc .\CortexM3\ARM_GCC_541\Debug\cyfitter_cfg.o
 .text.ClockSetup
                0x000003f0       0xb8 .\CortexM3\ARM_GCC_541\Debug\cyfitter_cfg.o
 .text.CYCONFIGCPY
                0x000004a8        0x8 .\CortexM3\ARM_GCC_541\Debug\cyfitter_cfg.o
 .text.cyfitter_cfg
                0x000004b0       0xdc .\CortexM3\ARM_GCC_541\Debug\cyfitter_cfg.o
                0x000004b0                cyfitter_cfg
 .text.IntDefaultHandler
                0x0000058c       0x10 .\CortexM3\ARM_GCC_541\Debug\Cm3Start.o
                0x0000058c                IntDefaultHandler
 .text.Start_c  0x0000059c       0x4c .\CortexM3\ARM_GCC_541\Debug\Cm3Start.o
                0x0000059c                Start_c
 .text.initialize_psoc
                0x000005e8       0x68 .\CortexM3\ARM_GCC_541\Debug\Cm3Start.o
                0x000005e8                initialize_psoc
 .text.LCD_WrCntrlNib
                0x00000650       0x38 .\CortexM3\ARM_GCC_541\Debug\Teclado_Matricial_1.a(LCD.o)
 .text.LCD_WrDatNib
                0x00000688       0x48 .\CortexM3\ARM_GCC_541\Debug\Teclado_Matricial_1.a(LCD.o)
 .text.LCD_IsReady
                0x000006d0       0xe0 .\CortexM3\ARM_GCC_541\Debug\Teclado_Matricial_1.a(LCD.o)
                0x000006d0                LCD_IsReady
 .text.LCD_WriteData
                0x000007b0       0x18 .\CortexM3\ARM_GCC_541\Debug\Teclado_Matricial_1.a(LCD.o)
                0x000007b0                LCD_WriteData
 .text.LCD_PrintString
                0x000007c8       0x1c .\CortexM3\ARM_GCC_541\Debug\Teclado_Matricial_1.a(LCD.o)
                0x000007c8                LCD_PrintString
 .text.LCD_WriteControl
                0x000007e4       0x18 .\CortexM3\ARM_GCC_541\Debug\Teclado_Matricial_1.a(LCD.o)
                0x000007e4                LCD_WriteControl
 .text.LCD_Init
                0x000007fc       0x6c .\CortexM3\ARM_GCC_541\Debug\Teclado_Matricial_1.a(LCD.o)
                0x000007fc                LCD_Init
 .text.LCD_Enable
                0x00000868       0x14 .\CortexM3\ARM_GCC_541\Debug\Teclado_Matricial_1.a(LCD.o)
                0x00000868                LCD_Enable
 .text.LCD_Start
                0x0000087c       0x1c .\CortexM3\ARM_GCC_541\Debug\Teclado_Matricial_1.a(LCD.o)
                0x0000087c                LCD_Start
 .text.LCD_Position
                0x00000898       0x3c .\CortexM3\ARM_GCC_541\Debug\Teclado_Matricial_1.a(LCD.o)
                0x00000898                LCD_Position
 .text.LCD_PrintU32Number
                0x000008d4       0x64 .\CortexM3\ARM_GCC_541\Debug\Teclado_Matricial_1.a(LCD.o)
                0x000008d4                LCD_PrintU32Number
 .text.CyDelay  0x00000938       0x2c .\CortexM3\ARM_GCC_541\Debug\Teclado_Matricial_1.a(CyLib.o)
                0x00000938                CyDelay
 .text.CyDelayUs
                0x00000964       0x14 .\CortexM3\ARM_GCC_541\Debug\Teclado_Matricial_1.a(CyLib.o)
                0x00000964                CyDelayUs
 .text.Data_A_LSB_Read
                0x00000978       0x10 .\CortexM3\ARM_GCC_541\Debug\Teclado_Matricial_1.a(Data_A_LSB.o)
                0x00000978                Data_A_LSB_Read
 .text.Data_B_Read
                0x00000988       0x10 .\CortexM3\ARM_GCC_541\Debug\Teclado_Matricial_1.a(Data_B.o)
                0x00000988                Data_B_Read
 .text.Data_C_Read
                0x00000998       0x10 .\CortexM3\ARM_GCC_541\Debug\Teclado_Matricial_1.a(Data_C.o)
                0x00000998                Data_C_Read
 .text.Data_D_MSB_Read
                0x000009a8       0x10 .\CortexM3\ARM_GCC_541\Debug\Teclado_Matricial_1.a(Data_D_MSB.o)
                0x000009a8                Data_D_MSB_Read
 .text.Pulisr_SetVector
                0x000009b8        0xc .\CortexM3\ARM_GCC_541\Debug\Teclado_Matricial_1.a(Pulisr.o)
                0x000009b8                Pulisr_SetVector
 .text.Pulisr_SetPriority
                0x000009c4       0x10 .\CortexM3\ARM_GCC_541\Debug\Teclado_Matricial_1.a(Pulisr.o)
                0x000009c4                Pulisr_SetPriority
 .text.Pulisr_Enable
                0x000009d4        0xc .\CortexM3\ARM_GCC_541\Debug\Teclado_Matricial_1.a(Pulisr.o)
                0x000009d4                Pulisr_Enable
 .text.Pulisr_Disable
                0x000009e0        0xc .\CortexM3\ARM_GCC_541\Debug\Teclado_Matricial_1.a(Pulisr.o)
                0x000009e0                Pulisr_Disable
 .text.Pulisr_StartEx
                0x000009ec       0x1c .\CortexM3\ARM_GCC_541\Debug\Teclado_Matricial_1.a(Pulisr.o)
                0x000009ec                Pulisr_StartEx
 .text.timer_clock_Start
                0x00000a08       0x1c .\CortexM3\ARM_GCC_541\Debug\Teclado_Matricial_1.a(timer_clock.o)
                0x00000a08                timer_clock_Start
 .text.Timer_Enable
                0x00000a24       0x28 .\CortexM3\ARM_GCC_541\Debug\Teclado_Matricial_1.a(Timer.o)
                0x00000a24                Timer_Enable
 .text.Timer_SetInterruptMode
                0x00000a4c        0xc .\CortexM3\ARM_GCC_541\Debug\Teclado_Matricial_1.a(Timer.o)
                0x00000a4c                Timer_SetInterruptMode
 .text.Timer_WritePeriod
                0x00000a58        0xc .\CortexM3\ARM_GCC_541\Debug\Teclado_Matricial_1.a(Timer.o)
                0x00000a58                Timer_WritePeriod
 .text.Timer_WriteCounter
                0x00000a64        0xc .\CortexM3\ARM_GCC_541\Debug\Teclado_Matricial_1.a(Timer.o)
                0x00000a64                Timer_WriteCounter
 .text.Timer_Init
                0x00000a70       0x68 .\CortexM3\ARM_GCC_541\Debug\Teclado_Matricial_1.a(Timer.o)
                0x00000a70                Timer_Init
 .text.Timer_Start
                0x00000ad8       0x1c .\CortexM3\ARM_GCC_541\Debug\Teclado_Matricial_1.a(Timer.o)
                0x00000ad8                Timer_Start
 .text.isrtiempo_SetVector
                0x00000af4        0xc .\CortexM3\ARM_GCC_541\Debug\Teclado_Matricial_1.a(isrtiempo.o)
                0x00000af4                isrtiempo_SetVector
 .text.isrtiempo_SetPriority
                0x00000b00       0x10 .\CortexM3\ARM_GCC_541\Debug\Teclado_Matricial_1.a(isrtiempo.o)
                0x00000b00                isrtiempo_SetPriority
 .text.isrtiempo_Enable
                0x00000b10        0xc .\CortexM3\ARM_GCC_541\Debug\Teclado_Matricial_1.a(isrtiempo.o)
                0x00000b10                isrtiempo_Enable
 .text.isrtiempo_Disable
                0x00000b1c        0xc .\CortexM3\ARM_GCC_541\Debug\Teclado_Matricial_1.a(isrtiempo.o)
                0x00000b1c                isrtiempo_Disable
 .text.isrtiempo_StartEx
                0x00000b28       0x1c .\CortexM3\ARM_GCC_541\Debug\Teclado_Matricial_1.a(isrtiempo.o)
                0x00000b28                isrtiempo_StartEx
 *fill*         0x00000b44        0x4 
 .text          0x00000b48       0x20 .\CortexM3\ARM_GCC_541\Debug\Teclado_Matricial_1.a(CyBootAsmGnu.o)
                0x00000b48                CyDelayCycles
                0x00000b58                CyEnterCriticalSection
                0x00000b60                CyExitCriticalSection
 .text.atoi     0x00000b68        0x8 c:/program files (x86)/cypress/psoc creator/4.2/psoc creator/import/gnu/arm/5.4.1/bin/../lib/gcc/arm-none-eabi/5.4.1/../../../../arm-none-eabi/lib/armv7-m\libg_nano.a(lib_a-atoi.o)
                0x00000b68                atoi
 .text.__errno  0x00000b70        0xc c:/program files (x86)/cypress/psoc creator/4.2/psoc creator/import/gnu/arm/5.4.1/bin/../lib/gcc/arm-none-eabi/5.4.1/../../../../arm-none-eabi/lib/armv7-m\libg_nano.a(lib_a-errno.o)
                0x00000b70                __errno
 .text.__libc_init_array
                0x00000b7c       0x4c c:/program files (x86)/cypress/psoc creator/4.2/psoc creator/import/gnu/arm/5.4.1/bin/../lib/gcc/arm-none-eabi/5.4.1/../../../../arm-none-eabi/lib/armv7-m\libg_nano.a(lib_a-init.o)
                0x00000b7c                __libc_init_array
 .text.memcpy   0x00000bc8       0x16 c:/program files (x86)/cypress/psoc creator/4.2/psoc creator/import/gnu/arm/5.4.1/bin/../lib/gcc/arm-none-eabi/5.4.1/../../../../arm-none-eabi/lib/armv7-m\libg_nano.a(lib_a-memcpy-stub.o)
                0x00000bc8                memcpy
 .text.memset   0x00000bde       0x10 c:/program files (x86)/cypress/psoc creator/4.2/psoc creator/import/gnu/arm/5.4.1/bin/../lib/gcc/arm-none-eabi/5.4.1/../../../../arm-none-eabi/lib/armv7-m\libg_nano.a(lib_a-memset.o)
                0x00000bde                memset
 *fill*         0x00000bee        0x2 
 .text._strtol_r
                0x00000bf0      0x10c c:/program files (x86)/cypress/psoc creator/4.2/psoc creator/import/gnu/arm/5.4.1/bin/../lib/gcc/arm-none-eabi/5.4.1/../../../../arm-none-eabi/lib/armv7-m\libg_nano.a(lib_a-strtol.o)
                0x00000bf0                _strtol_r
 .text.strtol   0x00000cfc       0x14 c:/program files (x86)/cypress/psoc creator/4.2/psoc creator/import/gnu/arm/5.4.1/bin/../lib/gcc/arm-none-eabi/5.4.1/../../../../arm-none-eabi/lib/armv7-m\libg_nano.a(lib_a-strtol.o)
                0x00000cfc                strtol
 *(.plt)
 *(.gnu.warning)
 *(.glue_7t)
 .glue_7t       0x00000d10        0x0 linker stubs
 *(.glue_7)
 .glue_7        0x00000d10        0x0 linker stubs
 *(.vfp11_veneer)
 .vfp11_veneer  0x00000d10        0x0 linker stubs
 *(.bootloader)
 *(.ARM.extab* .gnu.linkonce.armextab.*)
 *(.gcc_except_table)

.v4_bx          0x00000d10        0x0
 .v4_bx         0x00000d10        0x0 linker stubs

.iplt           0x00000d10        0x0
 .iplt          0x00000d10        0x0 c:/program files (x86)/cypress/psoc creator/4.2/psoc creator/import/gnu/arm/5.4.1/bin/../lib/gcc/arm-none-eabi/5.4.1/armv7-m/crtbegin.o

.eh_frame_hdr
 *(.eh_frame_hdr)

.eh_frame       0x00000d10        0x4
 *(.eh_frame)
 .eh_frame      0x00000d10        0x0 c:/program files (x86)/cypress/psoc creator/4.2/psoc creator/import/gnu/arm/5.4.1/bin/../lib/gcc/arm-none-eabi/5.4.1/armv7-m/crtbegin.o
 .eh_frame      0x00000d10        0x4 c:/program files (x86)/cypress/psoc creator/4.2/psoc creator/import/gnu/arm/5.4.1/bin/../lib/gcc/arm-none-eabi/5.4.1/armv7-m/crtend.o
                [!provide]                PROVIDE (__exidx_start, .)

.ARM.exidx
 *(.ARM.exidx* .gnu.linkonce.armexidx.*)
                0x00000d14                __exidx_end = .

.rodata         0x00000d14      0x194
 *(.rodata .rodata.* .gnu.linkonce.r.*)
 .rodata.str1.4
                0x00000d14       0x20 .\CortexM3\ARM_GCC_541\Debug\main.o
 .rodata        0x00000d34       0x36 .\CortexM3\ARM_GCC_541\Debug\cyfitter_cfg.o
 .rodata.str1.1
                0x00000d6a        0x2 c:/program files (x86)/cypress/psoc creator/4.2/psoc creator/import/gnu/arm/5.4.1/bin/../lib/gcc/arm-none-eabi/5.4.1/../../../../arm-none-eabi/lib/armv7-m\libg_nano.a(lib_a-impure.o)
 .rodata._ctype_
                0x00000d6c      0x101 c:/program files (x86)/cypress/psoc creator/4.2/psoc creator/import/gnu/arm/5.4.1/bin/../lib/gcc/arm-none-eabi/5.4.1/../../../../arm-none-eabi/lib/armv7-m\libg_nano.a(lib_a-ctype_.o)
                0x00000d6c                _ctype_
                0x00000e70                . = ALIGN (0x4)
 *fill*         0x00000e6d        0x3 
 *(.init)
 .init          0x00000e70        0x4 c:/program files (x86)/cypress/psoc creator/4.2/psoc creator/import/gnu/arm/5.4.1/bin/../lib/gcc/arm-none-eabi/5.4.1/armv7-m/crti.o
                0x00000e70                _init
 .init          0x00000e74        0x8 c:/program files (x86)/cypress/psoc creator/4.2/psoc creator/import/gnu/arm/5.4.1/bin/../lib/gcc/arm-none-eabi/5.4.1/armv7-m/crtn.o
                0x00000e7c                . = ALIGN (0x4)
                0x00000e7c                __preinit_array_start = .
 *(.preinit_array)
                0x00000e7c                __preinit_array_end = .
                0x00000e7c                . = ALIGN (0x4)
                0x00000e7c                __init_array_start = .
 *(SORT(.init_array.*))
 *(.init_array)
 .init_array    0x00000e7c        0x4 c:/program files (x86)/cypress/psoc creator/4.2/psoc creator/import/gnu/arm/5.4.1/bin/../lib/gcc/arm-none-eabi/5.4.1/armv7-m/crtbegin.o
 .init_array    0x00000e80        0x4 .\CortexM3\ARM_GCC_541\Debug\Cm3Start.o
                0x00000e84                __init_array_end = .
                0x00000e84                . = ALIGN (0x4)
 *(.fini)
 .fini          0x00000e84        0x4 c:/program files (x86)/cypress/psoc creator/4.2/psoc creator/import/gnu/arm/5.4.1/bin/../lib/gcc/arm-none-eabi/5.4.1/armv7-m/crti.o
                0x00000e84                _fini
 .fini          0x00000e88        0x8 c:/program files (x86)/cypress/psoc creator/4.2/psoc creator/import/gnu/arm/5.4.1/bin/../lib/gcc/arm-none-eabi/5.4.1/armv7-m/crtn.o
                0x00000e90                . = ALIGN (0x4)
                0x00000e90                __fini_array_start = .
 *(.fini_array)
 .fini_array    0x00000e90        0x4 c:/program files (x86)/cypress/psoc creator/4.2/psoc creator/import/gnu/arm/5.4.1/bin/../lib/gcc/arm-none-eabi/5.4.1/armv7-m/crtbegin.o
 *(SORT(.fini_array.*))
                0x00000e94                __fini_array_end = .
                0x00000e94                . = ALIGN (0x4)
 *crtbegin.o(.ctors)
 *(EXCLUDE_FILE(*crtend.o) .ctors)
 *(SORT(.ctors.*))
 *crtend.o(.ctors)
                0x00000e94                . = ALIGN (0x4)
 *crtbegin.o(.dtors)
 *(EXCLUDE_FILE(*crtend.o) .dtors)
 *(SORT(.dtors.*))
 *crtend.o(.dtors)
                0x00000e94                . = ALIGN (0x4)
                0x00000e94                __cy_regions = .
                0x00000e94        0x4 LONG 0xea8 __cy_region_init_ram
                0x00000e98        0x4 LONG 0x1fff80c8 __cy_region_start_data
                0x00000e9c        0x4 LONG 0x90 __cy_region_init_size_ram
                0x00000ea0        0x4 LONG 0x40 __cy_region_zero_size_ram
                0x00000ea4                __cy_regions_end = .
                0x00000ea8                . = ALIGN (0x8)
 *fill*         0x00000ea4        0x4 
                0x00000ea8                _etext = .

.cy_checksum_exclude
                0x00000ea8        0x0
 *(.cy_checksum_exclude)

.ramvectors     0x1fff8000       0xc0
                0x1fff8000                __cy_region_start_ram = .
 *(.ramvectors)
 .ramvectors    0x1fff8000       0xc0 .\CortexM3\ARM_GCC_541\Debug\Cm3Start.o
                0x1fff8000                CyRamVectors

.noinit         0x1fff80c0        0x1
 *(.noinit)
 .noinit        0x1fff80c0        0x1 .\CortexM3\ARM_GCC_541\Debug\Teclado_Matricial_1.a(CyLib.o)
                0x1fff80c0                CyResetStatus

.data           0x1fff80c8       0x90 load address 0x00000ea8
                0x1fff80c8                __cy_region_start_data = .
 *(.jcr)
 .jcr           0x1fff80c8        0x0 c:/program files (x86)/cypress/psoc creator/4.2/psoc creator/import/gnu/arm/5.4.1/bin/../lib/gcc/arm-none-eabi/5.4.1/armv7-m/crtbegin.o
 .jcr           0x1fff80c8        0x4 c:/program files (x86)/cypress/psoc creator/4.2/psoc creator/import/gnu/arm/5.4.1/bin/../lib/gcc/arm-none-eabi/5.4.1/armv7-m/crtend.o
 *(.got.plt)
 *(.got)
 *(.shdata)
 *(.data .data.* .gnu.linkonce.d.*)
 .data          0x1fff80cc       0x13 .\CortexM3\ARM_GCC_541\Debug\main.o
                0x1fff80cc                Keypad_1_Key
                0x1fff80dc                numero
 *fill*         0x1fff80df        0x1 
 .data          0x1fff80e0       0x10 .\CortexM3\ARM_GCC_541\Debug\Teclado_Matricial_1.a(CyLib.o)
                0x1fff80e0                cydelay_32k_ms
                0x1fff80e4                cydelay_freq_khz
                0x1fff80e8                cydelay_freq_mhz
                0x1fff80ec                cydelay_freq_hz
 .data.impure_data
                0x1fff80f0       0x60 c:/program files (x86)/cypress/psoc creator/4.2/psoc creator/import/gnu/arm/5.4.1/bin/../lib/gcc/arm-none-eabi/5.4.1/../../../../arm-none-eabi/lib/armv7-m\libg_nano.a(lib_a-impure.o)
 .data._impure_ptr
                0x1fff8150        0x4 c:/program files (x86)/cypress/psoc creator/4.2/psoc creator/import/gnu/arm/5.4.1/bin/../lib/gcc/arm-none-eabi/5.4.1/../../../../arm-none-eabi/lib/armv7-m\libg_nano.a(lib_a-impure.o)
                0x1fff8150                _impure_ptr
 .data.__ctype_ptr__
                0x1fff8154        0x4 c:/program files (x86)/cypress/psoc creator/4.2/psoc creator/import/gnu/arm/5.4.1/bin/../lib/gcc/arm-none-eabi/5.4.1/../../../../arm-none-eabi/lib/armv7-m\libg_nano.a(lib_a-ctype_.o)
                0x1fff8154                __ctype_ptr__
                0x1fff8158                . = ALIGN (0x8)
 *(.ram)
                0x1fff8158                _edata = .

.igot.plt       0x1fff8158        0x0 load address 0x00000f38
 .igot.plt      0x1fff8158        0x0 c:/program files (x86)/cypress/psoc creator/4.2/psoc creator/import/gnu/arm/5.4.1/bin/../lib/gcc/arm-none-eabi/5.4.1/armv7-m/crtbegin.o

.bss            0x1fff8158       0x40 load address 0x00000f38
                0x1fff8158                PROVIDE (__bss_start__, .)
 *(.shbss)
 *(.bss .bss.* .gnu.linkonce.b.*)
 .bss           0x1fff8158       0x1c c:/program files (x86)/cypress/psoc creator/4.2/psoc creator/import/gnu/arm/5.4.1/bin/../lib/gcc/arm-none-eabi/5.4.1/armv7-m/crtbegin.o
 .bss           0x1fff8174        0xc .\CortexM3\ARM_GCC_541\Debug\main.o
                0x1fff8174                numeroint
                0x1fff8178                i
                0x1fff817c                cuenta
 .bss           0x1fff8180        0x2 .\CortexM3\ARM_GCC_541\Debug\Teclado_Matricial_1.a(LCD.o)
                0x1fff8180                LCD_enableState
                0x1fff8181                LCD_initVar
 .bss           0x1fff8182        0x1 .\CortexM3\ARM_GCC_541\Debug\Teclado_Matricial_1.a(Timer.o)
                0x1fff8182                Timer_initVar
 *(COMMON)
 *fill*         0x1fff8183        0x1 
 COMMON         0x1fff8184       0x10 .\CortexM3\ARM_GCC_541\Debug\main.o
                0x1fff8184                data_B
                0x1fff8188                data_A_LSB
                0x1fff818c                data_D_MSB
                0x1fff8190                data_C
                0x1fff8198                . = ALIGN (0x8)
 *fill*         0x1fff8194        0x4 
 *(.ram.b)
                0x1fff8198                _end = .
                0x1fff8198                __end = .
                0x1fff8198                PROVIDE (end, .)
                0x1fff8198                PROVIDE (__bss_end__, .)
                0x00000ea8                __cy_region_init_ram = LOADADDR (.data)
                0x00000090                __cy_region_init_size_ram = (_edata - ADDR (.data))
                0x00000040                __cy_region_zero_size_ram = (_end - _edata)

.heap           0x1fff8198       0x80 load address 0x00000f38
                0x1fff8198                . = _end
                0x1fff8218                . = (. + 0x80)
 *fill*         0x1fff8198       0x80 
                0x1fff8218                __cy_heap_limit = .

.stack          0x20007800      0x800
                0x20007800                __cy_stack_limit = .
                0x20008000                . = (. + 0x800)
 *fill*         0x20007800      0x800 
                0x00000001                ASSERT ((__cy_stack_limit >= __cy_heap_limit), region RAM overflowed with stack)
                0x00000000                cy_checksum_exclude_size = (CY_APPL_LOADABLE == 0x1)?SIZEOF (.cy_checksum_exclude):0x0
                0x00000001                ASSERT ((cy_checksum_exclude_size <= CY_CHECKSUM_EXCLUDE_SIZE), CY_BOOT: Section .cy_checksum_exclude size exceedes specified limit.)

.cyloadermeta
 *(.cyloadermeta)

.cyloadablemeta
 *(.cyloadablemeta)

.cyconfigecc    0x80000000       0x88
 *(.cyconfigecc)
 .cyconfigecc   0x80000000       0x88 .\CortexM3\ARM_GCC_541\Debug\cymetadata.o
                0x80000000                cy_meta_configecc

.cycustnvl      0x90000000        0x4
 *(.cycustnvl)
 .cycustnvl     0x90000000        0x4 .\CortexM3\ARM_GCC_541\Debug\cymetadata.o
                0x90000000                cy_meta_custnvl

.cywolatch      0x90100000        0x4
 *(.cywolatch)
 .cywolatch     0x90100000        0x4 .\CortexM3\ARM_GCC_541\Debug\cymetadata.o
                0x90100000                cy_meta_wonvl

.cyeeprom       0x90200000        0x0
 *(.cyeeprom)
                0x00000001                ASSERT ((. <= ((0x90200000 + ee_offset) + ee_size)), .cyeeprom data will not fit in EEPROM)

.cyflashprotect
                0x90400000      0x100
 *(.cyflashprotect)
 .cyflashprotect
                0x90400000      0x100 .\CortexM3\ARM_GCC_541\Debug\cymetadata.o
                0x90400000                cy_meta_flashprotect

.cymeta         0x90500000        0xc
 *(.cymeta)
 .cymeta        0x90500000        0xc .\CortexM3\ARM_GCC_541\Debug\cymetadata.o
                0x90500000                cy_metadata

.rel.dyn        0x00000f38        0x0 load address 0x9050000c
 .rel.iplt      0x00000f38        0x0 c:/program files (x86)/cypress/psoc creator/4.2/psoc creator/import/gnu/arm/5.4.1/bin/../lib/gcc/arm-none-eabi/5.4.1/armv7-m/crtbegin.o

.stab
 *(.stab)

.stabstr
 *(.stabstr)

.debug
 *(.debug)

.line
 *(.line)

.debug_srcinfo
 *(.debug_srcinfo)

.debug_sfnames
 *(.debug_sfnames)

.debug_aranges  0x00000000      0x8c0
 *(.debug_aranges)
 .debug_aranges
                0x00000000       0x38 .\CortexM3\ARM_GCC_541\Debug\main.o
 .debug_aranges
                0x00000038       0x58 .\CortexM3\ARM_GCC_541\Debug\cyfitter_cfg.o
 .debug_aranges
                0x00000090       0x18 .\CortexM3\ARM_GCC_541\Debug\cymetadata.o
 .debug_aranges
                0x000000a8       0x48 .\CortexM3\ARM_GCC_541\Debug\Cm3Start.o
 .debug_aranges
                0x000000f0       0x98 .\CortexM3\ARM_GCC_541\Debug\Teclado_Matricial_1.a(LCD.o)
 .debug_aranges
                0x00000188      0x2a0 .\CortexM3\ARM_GCC_541\Debug\Teclado_Matricial_1.a(CyLib.o)
 .debug_aranges
                0x00000428       0x98 .\CortexM3\ARM_GCC_541\Debug\Teclado_Matricial_1.a(cyPm.o)
 .debug_aranges
                0x000004c0       0x38 .\CortexM3\ARM_GCC_541\Debug\Teclado_Matricial_1.a(Data_A_LSB.o)
 .debug_aranges
                0x000004f8       0x38 .\CortexM3\ARM_GCC_541\Debug\Teclado_Matricial_1.a(Data_B.o)
 .debug_aranges
                0x00000530       0x38 .\CortexM3\ARM_GCC_541\Debug\Teclado_Matricial_1.a(Data_C.o)
 .debug_aranges
                0x00000568       0x38 .\CortexM3\ARM_GCC_541\Debug\Teclado_Matricial_1.a(Data_D_MSB.o)
 .debug_aranges
                0x000005a0       0x80 .\CortexM3\ARM_GCC_541\Debug\Teclado_Matricial_1.a(Pulisr.o)
 .debug_aranges
                0x00000620       0x70 .\CortexM3\ARM_GCC_541\Debug\Teclado_Matricial_1.a(timer_clock.o)
 .debug_aranges
                0x00000690       0x88 .\CortexM3\ARM_GCC_541\Debug\Teclado_Matricial_1.a(Timer.o)
 .debug_aranges
                0x00000718       0x80 .\CortexM3\ARM_GCC_541\Debug\Teclado_Matricial_1.a(isrtiempo.o)
 .debug_aranges
                0x00000798       0x20 .\CortexM3\ARM_GCC_541\Debug\Teclado_Matricial_1.a(CyBootAsmGnu.o)
 .debug_aranges
                0x000007b8       0x88 .\CortexM3\ARM_GCC_541\Debug\Teclado_Matricial_1.a(CyFlash.o)
 .debug_aranges
                0x00000840       0x80 .\CortexM3\ARM_GCC_541\Debug\Teclado_Matricial_1.a(CySpc.o)

.debug_pubnames
 *(.debug_pubnames)

.debug_info     0x00000000     0x4d68
 *(.debug_info .gnu.linkonce.wi.*)
 .debug_info    0x00000000      0x3c6 .\CortexM3\ARM_GCC_541\Debug\main.o
 .debug_info    0x000003c6      0x4a4 .\CortexM3\ARM_GCC_541\Debug\cyfitter_cfg.o
 .debug_info    0x0000086a      0x134 .\CortexM3\ARM_GCC_541\Debug\cymetadata.o
 .debug_info    0x0000099e      0x3bb .\CortexM3\ARM_GCC_541\Debug\Cm3Start.o
 .debug_info    0x00000d59      0x715 .\CortexM3\ARM_GCC_541\Debug\Teclado_Matricial_1.a(LCD.o)
 .debug_info    0x0000146e     0x1374 .\CortexM3\ARM_GCC_541\Debug\Teclado_Matricial_1.a(CyLib.o)
 .debug_info    0x000027e2      0xa2a .\CortexM3\ARM_GCC_541\Debug\Teclado_Matricial_1.a(cyPm.o)
 .debug_info    0x0000320c      0x11f .\CortexM3\ARM_GCC_541\Debug\Teclado_Matricial_1.a(Data_A_LSB.o)
 .debug_info    0x0000332b      0x11f .\CortexM3\ARM_GCC_541\Debug\Teclado_Matricial_1.a(Data_B.o)
 .debug_info    0x0000344a      0x11f .\CortexM3\ARM_GCC_541\Debug\Teclado_Matricial_1.a(Data_C.o)
 .debug_info    0x00003569      0x11f .\CortexM3\ARM_GCC_541\Debug\Teclado_Matricial_1.a(Data_D_MSB.o)
 .debug_info    0x00003688      0x2d2 .\CortexM3\ARM_GCC_541\Debug\Teclado_Matricial_1.a(Pulisr.o)
 .debug_info    0x0000395a      0x283 .\CortexM3\ARM_GCC_541\Debug\Teclado_Matricial_1.a(timer_clock.o)
 .debug_info    0x00003bdd      0x295 .\CortexM3\ARM_GCC_541\Debug\Teclado_Matricial_1.a(Timer.o)
 .debug_info    0x00003e72      0x2d2 .\CortexM3\ARM_GCC_541\Debug\Teclado_Matricial_1.a(isrtiempo.o)
 .debug_info    0x00004144       0x87 .\CortexM3\ARM_GCC_541\Debug\Teclado_Matricial_1.a(CyBootAsmGnu.o)
 .debug_info    0x000041cb      0x64d .\CortexM3\ARM_GCC_541\Debug\Teclado_Matricial_1.a(CyFlash.o)
 .debug_info    0x00004818      0x550 .\CortexM3\ARM_GCC_541\Debug\Teclado_Matricial_1.a(CySpc.o)

.debug_abbrev   0x00000000     0x1598
 *(.debug_abbrev)
 .debug_abbrev  0x00000000      0x137 .\CortexM3\ARM_GCC_541\Debug\main.o
 .debug_abbrev  0x00000137      0x1fe .\CortexM3\ARM_GCC_541\Debug\cyfitter_cfg.o
 .debug_abbrev  0x00000335       0x5d .\CortexM3\ARM_GCC_541\Debug\cymetadata.o
 .debug_abbrev  0x00000392      0x1e8 .\CortexM3\ARM_GCC_541\Debug\Cm3Start.o
 .debug_abbrev  0x0000057a      0x157 .\CortexM3\ARM_GCC_541\Debug\Teclado_Matricial_1.a(LCD.o)
 .debug_abbrev  0x000006d1      0x254 .\CortexM3\ARM_GCC_541\Debug\Teclado_Matricial_1.a(CyLib.o)
 .debug_abbrev  0x00000925      0x1ab .\CortexM3\ARM_GCC_541\Debug\Teclado_Matricial_1.a(cyPm.o)
 .debug_abbrev  0x00000ad0       0x90 .\CortexM3\ARM_GCC_541\Debug\Teclado_Matricial_1.a(Data_A_LSB.o)
 .debug_abbrev  0x00000b60       0x90 .\CortexM3\ARM_GCC_541\Debug\Teclado_Matricial_1.a(Data_B.o)
 .debug_abbrev  0x00000bf0       0x90 .\CortexM3\ARM_GCC_541\Debug\Teclado_Matricial_1.a(Data_C.o)
 .debug_abbrev  0x00000c80       0x90 .\CortexM3\ARM_GCC_541\Debug\Teclado_Matricial_1.a(Data_D_MSB.o)
 .debug_abbrev  0x00000d10      0x173 .\CortexM3\ARM_GCC_541\Debug\Teclado_Matricial_1.a(Pulisr.o)
 .debug_abbrev  0x00000e83      0x139 .\CortexM3\ARM_GCC_541\Debug\Teclado_Matricial_1.a(timer_clock.o)
 .debug_abbrev  0x00000fbc      0x11a .\CortexM3\ARM_GCC_541\Debug\Teclado_Matricial_1.a(Timer.o)
 .debug_abbrev  0x000010d6      0x173 .\CortexM3\ARM_GCC_541\Debug\Teclado_Matricial_1.a(isrtiempo.o)
 .debug_abbrev  0x00001249       0x14 .\CortexM3\ARM_GCC_541\Debug\Teclado_Matricial_1.a(CyBootAsmGnu.o)
 .debug_abbrev  0x0000125d      0x1a7 .\CortexM3\ARM_GCC_541\Debug\Teclado_Matricial_1.a(CyFlash.o)
 .debug_abbrev  0x00001404      0x194 .\CortexM3\ARM_GCC_541\Debug\Teclado_Matricial_1.a(CySpc.o)

.debug_line     0x00000000     0x22f2
 *(.debug_line)
 .debug_line    0x00000000      0x3e0 .\CortexM3\ARM_GCC_541\Debug\main.o
 .debug_line    0x000003e0      0x1d6 .\CortexM3\ARM_GCC_541\Debug\cyfitter_cfg.o
 .debug_line    0x000005b6      0x141 .\CortexM3\ARM_GCC_541\Debug\cymetadata.o
 .debug_line    0x000006f7      0x234 .\CortexM3\ARM_GCC_541\Debug\Cm3Start.o
 .debug_line    0x0000092b      0x1e0 .\CortexM3\ARM_GCC_541\Debug\Teclado_Matricial_1.a(LCD.o)
 .debug_line    0x00000b0b      0x816 .\CortexM3\ARM_GCC_541\Debug\Teclado_Matricial_1.a(CyLib.o)
 .debug_line    0x00001321      0x367 .\CortexM3\ARM_GCC_541\Debug\Teclado_Matricial_1.a(cyPm.o)
 .debug_line    0x00001688       0x97 .\CortexM3\ARM_GCC_541\Debug\Teclado_Matricial_1.a(Data_A_LSB.o)
 .debug_line    0x0000171f       0x93 .\CortexM3\ARM_GCC_541\Debug\Teclado_Matricial_1.a(Data_B.o)
 .debug_line    0x000017b2       0x93 .\CortexM3\ARM_GCC_541\Debug\Teclado_Matricial_1.a(Data_C.o)
 .debug_line    0x00001845       0x97 .\CortexM3\ARM_GCC_541\Debug\Teclado_Matricial_1.a(Data_D_MSB.o)
 .debug_line    0x000018dc      0x133 .\CortexM3\ARM_GCC_541\Debug\Teclado_Matricial_1.a(Pulisr.o)
 .debug_line    0x00001a0f      0x17a .\CortexM3\ARM_GCC_541\Debug\Teclado_Matricial_1.a(timer_clock.o)
 .debug_line    0x00001b89      0x153 .\CortexM3\ARM_GCC_541\Debug\Teclado_Matricial_1.a(Timer.o)
 .debug_line    0x00001cdc      0x136 .\CortexM3\ARM_GCC_541\Debug\Teclado_Matricial_1.a(isrtiempo.o)
 .debug_line    0x00001e12       0x66 .\CortexM3\ARM_GCC_541\Debug\Teclado_Matricial_1.a(CyBootAsmGnu.o)
 .debug_line    0x00001e78      0x21a .\CortexM3\ARM_GCC_541\Debug\Teclado_Matricial_1.a(CyFlash.o)
 .debug_line    0x00002092      0x260 .\CortexM3\ARM_GCC_541\Debug\Teclado_Matricial_1.a(CySpc.o)

.debug_frame    0x00000000     0x169c
 *(.debug_frame)
 .debug_frame   0x00000000       0x74 .\CortexM3\ARM_GCC_541\Debug\main.o
 .debug_frame   0x00000074       0xe4 .\CortexM3\ARM_GCC_541\Debug\cyfitter_cfg.o
 .debug_frame   0x00000158       0xb8 .\CortexM3\ARM_GCC_541\Debug\Cm3Start.o
 .debug_frame   0x00000210      0x1e8 .\CortexM3\ARM_GCC_541\Debug\Teclado_Matricial_1.a(LCD.o)
 .debug_frame   0x000003f8      0x738 .\CortexM3\ARM_GCC_541\Debug\Teclado_Matricial_1.a(CyLib.o)
 .debug_frame   0x00000b30      0x1f8 .\CortexM3\ARM_GCC_541\Debug\Teclado_Matricial_1.a(cyPm.o)
 .debug_frame   0x00000d28       0x50 .\CortexM3\ARM_GCC_541\Debug\Teclado_Matricial_1.a(Data_A_LSB.o)
 .debug_frame   0x00000d78       0x50 .\CortexM3\ARM_GCC_541\Debug\Teclado_Matricial_1.a(Data_B.o)
 .debug_frame   0x00000dc8       0x50 .\CortexM3\ARM_GCC_541\Debug\Teclado_Matricial_1.a(Data_C.o)
 .debug_frame   0x00000e18       0x50 .\CortexM3\ARM_GCC_541\Debug\Teclado_Matricial_1.a(Data_D_MSB.o)
 .debug_frame   0x00000e68      0x104 .\CortexM3\ARM_GCC_541\Debug\Teclado_Matricial_1.a(Pulisr.o)
 .debug_frame   0x00000f6c       0xe0 .\CortexM3\ARM_GCC_541\Debug\Teclado_Matricial_1.a(timer_clock.o)
 .debug_frame   0x0000104c      0x108 .\CortexM3\ARM_GCC_541\Debug\Teclado_Matricial_1.a(Timer.o)
 .debug_frame   0x00001154      0x104 .\CortexM3\ARM_GCC_541\Debug\Teclado_Matricial_1.a(isrtiempo.o)
 .debug_frame   0x00001258      0x194 .\CortexM3\ARM_GCC_541\Debug\Teclado_Matricial_1.a(CyFlash.o)
 .debug_frame   0x000013ec      0x180 .\CortexM3\ARM_GCC_541\Debug\Teclado_Matricial_1.a(CySpc.o)
 .debug_frame   0x0000156c       0x30 c:/program files (x86)/cypress/psoc creator/4.2/psoc creator/import/gnu/arm/5.4.1/bin/../lib/gcc/arm-none-eabi/5.4.1/../../../../arm-none-eabi/lib/armv7-m\libg_nano.a(lib_a-atoi.o)
 .debug_frame   0x0000159c       0x20 c:/program files (x86)/cypress/psoc creator/4.2/psoc creator/import/gnu/arm/5.4.1/bin/../lib/gcc/arm-none-eabi/5.4.1/../../../../arm-none-eabi/lib/armv7-m\libg_nano.a(lib_a-errno.o)
 .debug_frame   0x000015bc       0x28 c:/program files (x86)/cypress/psoc creator/4.2/psoc creator/import/gnu/arm/5.4.1/bin/../lib/gcc/arm-none-eabi/5.4.1/../../../../arm-none-eabi/lib/armv7-m\libg_nano.a(lib_a-exit.o)
 .debug_frame   0x000015e4       0x2c c:/program files (x86)/cypress/psoc creator/4.2/psoc creator/import/gnu/arm/5.4.1/bin/../lib/gcc/arm-none-eabi/5.4.1/../../../../arm-none-eabi/lib/armv7-m\libg_nano.a(lib_a-init.o)
 .debug_frame   0x00001610       0x28 c:/program files (x86)/cypress/psoc creator/4.2/psoc creator/import/gnu/arm/5.4.1/bin/../lib/gcc/arm-none-eabi/5.4.1/../../../../arm-none-eabi/lib/armv7-m\libg_nano.a(lib_a-memcpy-stub.o)
 .debug_frame   0x00001638       0x20 c:/program files (x86)/cypress/psoc creator/4.2/psoc creator/import/gnu/arm/5.4.1/bin/../lib/gcc/arm-none-eabi/5.4.1/../../../../arm-none-eabi/lib/armv7-m\libg_nano.a(lib_a-memset.o)
 .debug_frame   0x00001658       0x44 c:/program files (x86)/cypress/psoc creator/4.2/psoc creator/import/gnu/arm/5.4.1/bin/../lib/gcc/arm-none-eabi/5.4.1/../../../../arm-none-eabi/lib/armv7-m\libg_nano.a(lib_a-strtol.o)

.debug_str      0x00000000     0x1b52
 *(.debug_str)
 .debug_str     0x00000000      0x296 .\CortexM3\ARM_GCC_541\Debug\main.o
                                0x2de (size before relaxing)
 .debug_str     0x00000296      0x180 .\CortexM3\ARM_GCC_541\Debug\cyfitter_cfg.o
                                0x306 (size before relaxing)
 .debug_str     0x00000416       0x7f .\CortexM3\ARM_GCC_541\Debug\cymetadata.o
                                0x1db (size before relaxing)
 .debug_str     0x00000495      0x144 .\CortexM3\ARM_GCC_541\Debug\Cm3Start.o
                                0x301 (size before relaxing)
 .debug_str     0x000005d9      0x138 .\CortexM3\ARM_GCC_541\Debug\Teclado_Matricial_1.a(LCD.o)
                                0x322 (size before relaxing)
 .debug_str     0x00000711      0x833 .\CortexM3\ARM_GCC_541\Debug\Teclado_Matricial_1.a(CyLib.o)
                                0xa3e (size before relaxing)
 .debug_str     0x00000f44      0x365 .\CortexM3\ARM_GCC_541\Debug\Teclado_Matricial_1.a(cyPm.o)
                                0x72a (size before relaxing)
 .debug_str     0x000012a9       0x6f .\CortexM3\ARM_GCC_541\Debug\Teclado_Matricial_1.a(Data_A_LSB.o)
                                0x1f2 (size before relaxing)
 .debug_str     0x00001318       0x54 .\CortexM3\ARM_GCC_541\Debug\Teclado_Matricial_1.a(Data_B.o)
                                0x1de (size before relaxing)
 .debug_str     0x0000136c       0x54 .\CortexM3\ARM_GCC_541\Debug\Teclado_Matricial_1.a(Data_C.o)
                                0x1de (size before relaxing)
 .debug_str     0x000013c0       0x64 .\CortexM3\ARM_GCC_541\Debug\Teclado_Matricial_1.a(Data_D_MSB.o)
                                0x1f2 (size before relaxing)
 .debug_str     0x00001424       0xe5 .\CortexM3\ARM_GCC_541\Debug\Teclado_Matricial_1.a(Pulisr.o)
                                0x2ab (size before relaxing)
 .debug_str     0x00001509      0x180 .\CortexM3\ARM_GCC_541\Debug\Teclado_Matricial_1.a(timer_clock.o)
                                0x315 (size before relaxing)
 .debug_str     0x00001689      0x156 .\CortexM3\ARM_GCC_541\Debug\Teclado_Matricial_1.a(Timer.o)
                                0x2ec (size before relaxing)
 .debug_str     0x000017df      0x10c .\CortexM3\ARM_GCC_541\Debug\Teclado_Matricial_1.a(isrtiempo.o)
                                0x2d5 (size before relaxing)
 .debug_str     0x000018eb      0x1bb .\CortexM3\ARM_GCC_541\Debug\Teclado_Matricial_1.a(CyFlash.o)
                                0x3b7 (size before relaxing)
 .debug_str     0x00001aa6       0xac .\CortexM3\ARM_GCC_541\Debug\Teclado_Matricial_1.a(CySpc.o)
                                0x32f (size before relaxing)

.debug_loc      0x00000000     0x206d
 *(.debug_loc)
 .debug_loc     0x00000000      0x1d7 .\CortexM3\ARM_GCC_541\Debug\cyfitter_cfg.o
 .debug_loc     0x000001d7      0x144 .\CortexM3\ARM_GCC_541\Debug\Cm3Start.o
 .debug_loc     0x0000031b      0x3c6 .\CortexM3\ARM_GCC_541\Debug\Teclado_Matricial_1.a(LCD.o)
 .debug_loc     0x000006e1      0xa11 .\CortexM3\ARM_GCC_541\Debug\Teclado_Matricial_1.a(CyLib.o)
 .debug_loc     0x000010f2      0x1e4 .\CortexM3\ARM_GCC_541\Debug\Teclado_Matricial_1.a(cyPm.o)
 .debug_loc     0x000012d6       0x42 .\CortexM3\ARM_GCC_541\Debug\Teclado_Matricial_1.a(Data_A_LSB.o)
 .debug_loc     0x00001318       0x42 .\CortexM3\ARM_GCC_541\Debug\Teclado_Matricial_1.a(Data_B.o)
 .debug_loc     0x0000135a       0x42 .\CortexM3\ARM_GCC_541\Debug\Teclado_Matricial_1.a(Data_C.o)
 .debug_loc     0x0000139c       0x42 .\CortexM3\ARM_GCC_541\Debug\Teclado_Matricial_1.a(Data_D_MSB.o)
 .debug_loc     0x000013de       0x56 .\CortexM3\ARM_GCC_541\Debug\Teclado_Matricial_1.a(Pulisr.o)
 .debug_loc     0x00001434      0x12c .\CortexM3\ARM_GCC_541\Debug\Teclado_Matricial_1.a(timer_clock.o)
 .debug_loc     0x00001560       0x56 .\CortexM3\ARM_GCC_541\Debug\Teclado_Matricial_1.a(isrtiempo.o)
 .debug_loc     0x000015b6      0x3b2 .\CortexM3\ARM_GCC_541\Debug\Teclado_Matricial_1.a(CyFlash.o)
 .debug_loc     0x00001968      0x705 .\CortexM3\ARM_GCC_541\Debug\Teclado_Matricial_1.a(CySpc.o)

.debug_macinfo
 *(.debug_macinfo)

.debug_ranges   0x00000000      0x788
 *(.debug_ranges)
 .debug_ranges  0x00000000       0x28 .\CortexM3\ARM_GCC_541\Debug\main.o
 .debug_ranges  0x00000028       0x48 .\CortexM3\ARM_GCC_541\Debug\cyfitter_cfg.o
 .debug_ranges  0x00000070       0x38 .\CortexM3\ARM_GCC_541\Debug\Cm3Start.o
 .debug_ranges  0x000000a8       0x88 .\CortexM3\ARM_GCC_541\Debug\Teclado_Matricial_1.a(LCD.o)
 .debug_ranges  0x00000130      0x290 .\CortexM3\ARM_GCC_541\Debug\Teclado_Matricial_1.a(CyLib.o)
 .debug_ranges  0x000003c0       0x88 .\CortexM3\ARM_GCC_541\Debug\Teclado_Matricial_1.a(cyPm.o)
 .debug_ranges  0x00000448       0x28 .\CortexM3\ARM_GCC_541\Debug\Teclado_Matricial_1.a(Data_A_LSB.o)
 .debug_ranges  0x00000470       0x28 .\CortexM3\ARM_GCC_541\Debug\Teclado_Matricial_1.a(Data_B.o)
 .debug_ranges  0x00000498       0x28 .\CortexM3\ARM_GCC_541\Debug\Teclado_Matricial_1.a(Data_C.o)
 .debug_ranges  0x000004c0       0x28 .\CortexM3\ARM_GCC_541\Debug\Teclado_Matricial_1.a(Data_D_MSB.o)
 .debug_ranges  0x000004e8       0x70 .\CortexM3\ARM_GCC_541\Debug\Teclado_Matricial_1.a(Pulisr.o)
 .debug_ranges  0x00000558       0x60 .\CortexM3\ARM_GCC_541\Debug\Teclado_Matricial_1.a(timer_clock.o)
 .debug_ranges  0x000005b8       0x78 .\CortexM3\ARM_GCC_541\Debug\Teclado_Matricial_1.a(Timer.o)
 .debug_ranges  0x00000630       0x70 .\CortexM3\ARM_GCC_541\Debug\Teclado_Matricial_1.a(isrtiempo.o)
 .debug_ranges  0x000006a0       0x78 .\CortexM3\ARM_GCC_541\Debug\Teclado_Matricial_1.a(CyFlash.o)
 .debug_ranges  0x00000718       0x70 .\CortexM3\ARM_GCC_541\Debug\Teclado_Matricial_1.a(CySpc.o)

.comment        0x00000000       0x6e
 .comment       0x00000000       0x6e .\CortexM3\ARM_GCC_541\Debug\main.o
                                 0x6f (size before relaxing)
 .comment       0x0000006e       0x6f .\CortexM3\ARM_GCC_541\Debug\cyfitter_cfg.o
 .comment       0x0000006e       0x6f .\CortexM3\ARM_GCC_541\Debug\cymetadata.o
 .comment       0x0000006e       0x6f .\CortexM3\ARM_GCC_541\Debug\Cm3Start.o
 .comment       0x0000006e       0x6f .\CortexM3\ARM_GCC_541\Debug\Teclado_Matricial_1.a(LCD.o)
 .comment       0x0000006e       0x6f .\CortexM3\ARM_GCC_541\Debug\Teclado_Matricial_1.a(CyLib.o)
 .comment       0x0000006e       0x6f .\CortexM3\ARM_GCC_541\Debug\Teclado_Matricial_1.a(cyPm.o)
 .comment       0x0000006e       0x6f .\CortexM3\ARM_GCC_541\Debug\Teclado_Matricial_1.a(Data_A_LSB.o)
 .comment       0x0000006e       0x6f .\CortexM3\ARM_GCC_541\Debug\Teclado_Matricial_1.a(Data_B.o)
 .comment       0x0000006e       0x6f .\CortexM3\ARM_GCC_541\Debug\Teclado_Matricial_1.a(Data_C.o)
 .comment       0x0000006e       0x6f .\CortexM3\ARM_GCC_541\Debug\Teclado_Matricial_1.a(Data_D_MSB.o)
 .comment       0x0000006e       0x6f .\CortexM3\ARM_GCC_541\Debug\Teclado_Matricial_1.a(Pulisr.o)
 .comment       0x0000006e       0x6f .\CortexM3\ARM_GCC_541\Debug\Teclado_Matricial_1.a(timer_clock.o)
 .comment       0x0000006e       0x6f .\CortexM3\ARM_GCC_541\Debug\Teclado_Matricial_1.a(Timer.o)
 .comment       0x0000006e       0x6f .\CortexM3\ARM_GCC_541\Debug\Teclado_Matricial_1.a(isrtiempo.o)
 .comment       0x0000006e       0x6f .\CortexM3\ARM_GCC_541\Debug\Teclado_Matricial_1.a(CyFlash.o)
 .comment       0x0000006e       0x6f .\CortexM3\ARM_GCC_541\Debug\Teclado_Matricial_1.a(CySpc.o)

.debug_weaknames
 *(.debug_weaknames)

.debug_funcnames
 *(.debug_funcnames)

.debug_typenames
 *(.debug_typenames)

.debug_varnames
 *(.debug_varnames)

.note.gnu.arm.ident
 *(.note.gnu.arm.ident)

.ARM.attributes
                0x00000000       0x29
 *(.ARM.attributes)
 .ARM.attributes
                0x00000000       0x1d c:/program files (x86)/cypress/psoc creator/4.2/psoc creator/import/gnu/arm/5.4.1/bin/../lib/gcc/arm-none-eabi/5.4.1/armv7-m/crti.o
 .ARM.attributes
                0x0000001d       0x2d c:/program files (x86)/cypress/psoc creator/4.2/psoc creator/import/gnu/arm/5.4.1/bin/../lib/gcc/arm-none-eabi/5.4.1/armv7-m/crtbegin.o
 .ARM.attributes
                0x0000004a       0x1b c:/program files (x86)/cypress/psoc creator/4.2/psoc creator/import/gnu/arm/5.4.1/bin/../lib/gcc/arm-none-eabi/5.4.1/../../../../arm-none-eabi/lib/armv7-m/crt0.o
 .ARM.attributes
                0x00000065       0x33 .\CortexM3\ARM_GCC_541\Debug\main.o
 .ARM.attributes
                0x00000098       0x33 .\CortexM3\ARM_GCC_541\Debug\cyfitter_cfg.o
 .ARM.attributes
                0x000000cb       0x33 .\CortexM3\ARM_GCC_541\Debug\cymetadata.o
 .ARM.attributes
                0x000000fe       0x33 .\CortexM3\ARM_GCC_541\Debug\Cm3Start.o
 .ARM.attributes
                0x00000131       0x33 .\CortexM3\ARM_GCC_541\Debug\Teclado_Matricial_1.a(LCD.o)
 .ARM.attributes
                0x00000164       0x33 .\CortexM3\ARM_GCC_541\Debug\Teclado_Matricial_1.a(CyLib.o)
 .ARM.attributes
                0x00000197       0x33 .\CortexM3\ARM_GCC_541\Debug\Teclado_Matricial_1.a(cyPm.o)
 .ARM.attributes
                0x000001ca       0x33 .\CortexM3\ARM_GCC_541\Debug\Teclado_Matricial_1.a(Data_A_LSB.o)
 .ARM.attributes
                0x000001fd       0x33 .\CortexM3\ARM_GCC_541\Debug\Teclado_Matricial_1.a(Data_B.o)
 .ARM.attributes
                0x00000230       0x33 .\CortexM3\ARM_GCC_541\Debug\Teclado_Matricial_1.a(Data_C.o)
 .ARM.attributes
                0x00000263       0x33 .\CortexM3\ARM_GCC_541\Debug\Teclado_Matricial_1.a(Data_D_MSB.o)
 .ARM.attributes
                0x00000296       0x33 .\CortexM3\ARM_GCC_541\Debug\Teclado_Matricial_1.a(Pulisr.o)
 .ARM.attributes
                0x000002c9       0x33 .\CortexM3\ARM_GCC_541\Debug\Teclado_Matricial_1.a(timer_clock.o)
 .ARM.attributes
                0x000002fc       0x33 .\CortexM3\ARM_GCC_541\Debug\Teclado_Matricial_1.a(Timer.o)
 .ARM.attributes
                0x0000032f       0x33 .\CortexM3\ARM_GCC_541\Debug\Teclado_Matricial_1.a(isrtiempo.o)
 .ARM.attributes
                0x00000362       0x21 .\CortexM3\ARM_GCC_541\Debug\Teclado_Matricial_1.a(CyBootAsmGnu.o)
 .ARM.attributes
                0x00000383       0x33 .\CortexM3\ARM_GCC_541\Debug\Teclado_Matricial_1.a(CyFlash.o)
 .ARM.attributes
                0x000003b6       0x33 .\CortexM3\ARM_GCC_541\Debug\Teclado_Matricial_1.a(CySpc.o)
 .ARM.attributes
                0x000003e9       0x2d c:/program files (x86)/cypress/psoc creator/4.2/psoc creator/import/gnu/arm/5.4.1/bin/../lib/gcc/arm-none-eabi/5.4.1/../../../../arm-none-eabi/lib/armv7-m\libg_nano.a(lib_a-atoi.o)
 .ARM.attributes
                0x00000416       0x2d c:/program files (x86)/cypress/psoc creator/4.2/psoc creator/import/gnu/arm/5.4.1/bin/../lib/gcc/arm-none-eabi/5.4.1/../../../../arm-none-eabi/lib/armv7-m\libg_nano.a(lib_a-errno.o)
 .ARM.attributes
                0x00000443       0x2d c:/program files (x86)/cypress/psoc creator/4.2/psoc creator/import/gnu/arm/5.4.1/bin/../lib/gcc/arm-none-eabi/5.4.1/../../../../arm-none-eabi/lib/armv7-m\libg_nano.a(lib_a-exit.o)
 .ARM.attributes
                0x00000470       0x2d c:/program files (x86)/cypress/psoc creator/4.2/psoc creator/import/gnu/arm/5.4.1/bin/../lib/gcc/arm-none-eabi/5.4.1/../../../../arm-none-eabi/lib/armv7-m\libg_nano.a(lib_a-impure.o)
 .ARM.attributes
                0x0000049d       0x2d c:/program files (x86)/cypress/psoc creator/4.2/psoc creator/import/gnu/arm/5.4.1/bin/../lib/gcc/arm-none-eabi/5.4.1/../../../../arm-none-eabi/lib/armv7-m\libg_nano.a(lib_a-init.o)
 .ARM.attributes
                0x000004ca       0x2d c:/program files (x86)/cypress/psoc creator/4.2/psoc creator/import/gnu/arm/5.4.1/bin/../lib/gcc/arm-none-eabi/5.4.1/../../../../arm-none-eabi/lib/armv7-m\libg_nano.a(lib_a-memcpy-stub.o)
 .ARM.attributes
                0x000004f7       0x2d c:/program files (x86)/cypress/psoc creator/4.2/psoc creator/import/gnu/arm/5.4.1/bin/../lib/gcc/arm-none-eabi/5.4.1/../../../../arm-none-eabi/lib/armv7-m\libg_nano.a(lib_a-memset.o)
 .ARM.attributes
                0x00000524       0x2d c:/program files (x86)/cypress/psoc creator/4.2/psoc creator/import/gnu/arm/5.4.1/bin/../lib/gcc/arm-none-eabi/5.4.1/../../../../arm-none-eabi/lib/armv7-m\libg_nano.a(lib_a-strtol.o)
 .ARM.attributes
                0x00000551       0x2d c:/program files (x86)/cypress/psoc creator/4.2/psoc creator/import/gnu/arm/5.4.1/bin/../lib/gcc/arm-none-eabi/5.4.1/../../../../arm-none-eabi/lib/armv7-m\libg_nano.a(lib_a-ctype_.o)
 .ARM.attributes
                0x0000057e       0x2d c:/program files (x86)/cypress/psoc creator/4.2/psoc creator/import/gnu/arm/5.4.1/bin/../lib/gcc/arm-none-eabi/5.4.1/armv7-m/crtend.o
 .ARM.attributes
                0x000005ab       0x1d c:/program files (x86)/cypress/psoc creator/4.2/psoc creator/import/gnu/arm/5.4.1/bin/../lib/gcc/arm-none-eabi/5.4.1/armv7-m/crtn.o

/DISCARD/
 *(.note.GNU-stack)
OUTPUT(C:\PSoC5LP\Proyectos_Alarma_T2\Teclado_Matricial_1.cydsn\CortexM3\ARM_GCC_541\Debug\Teclado_Matricial_1.elf elf32-littlearm)
